Component: ARM Compiler 5.06 update 7 (build 960) Tool: armlink [4d3601]

==============================================================================

Section Cross References

    startup_stm32f103xb.o(RESET) refers to startup_stm32f103xb.o(STACK) for __initial_sp
    startup_stm32f103xb.o(RESET) refers to startup_stm32f103xb.o(.text) for Reset_Handler
    startup_stm32f103xb.o(RESET) refers to stm32f1xx_it.o(i.NMI_Handler) for NMI_Handler
    startup_stm32f103xb.o(RESET) refers to stm32f1xx_it.o(i.HardFault_Handler) for HardFault_Handler
    startup_stm32f103xb.o(RESET) refers to stm32f1xx_it.o(i.MemManage_Handler) for MemManage_Handler
    startup_stm32f103xb.o(RESET) refers to stm32f1xx_it.o(i.BusFault_Handler) for BusFault_Handler
    startup_stm32f103xb.o(RESET) refers to stm32f1xx_it.o(i.UsageFault_Handler) for UsageFault_Handler
    startup_stm32f103xb.o(RESET) refers to stm32f1xx_it.o(i.SVC_Handler) for SVC_Handler
    startup_stm32f103xb.o(RESET) refers to stm32f1xx_it.o(i.DebugMon_Handler) for DebugMon_Handler
    startup_stm32f103xb.o(RESET) refers to stm32f1xx_it.o(i.PendSV_Handler) for PendSV_Handler
    startup_stm32f103xb.o(RESET) refers to stm32f1xx_it.o(i.SysTick_Handler) for SysTick_Handler
    startup_stm32f103xb.o(RESET) refers to stm32f1xx_it.o(i.EXTI9_5_IRQHandler) for EXTI9_5_IRQHandler
    startup_stm32f103xb.o(RESET) refers to stm32f1xx_it.o(i.EXTI15_10_IRQHandler) for EXTI15_10_IRQHandler
    startup_stm32f103xb.o(.text) refers to system_stm32f1xx.o(i.SystemInit) for SystemInit
    startup_stm32f103xb.o(.text) refers to entry.o(.ARM.Collect$$$$00000000) for __main
    main.o(i.SystemClock_Config) refers to memseta.o(.text) for __aeabi_memclr4
    main.o(i.SystemClock_Config) refers to stm32f1xx_hal_rcc.o(i.HAL_RCC_OscConfig) for HAL_RCC_OscConfig
    main.o(i.SystemClock_Config) refers to main.o(i.Error_Handler) for Error_Handler
    main.o(i.SystemClock_Config) refers to stm32f1xx_hal_rcc.o(i.HAL_RCC_ClockConfig) for HAL_RCC_ClockConfig
    main.o(i.main) refers to stm32f1xx_hal.o(i.HAL_Init) for HAL_Init
    main.o(i.main) refers to main.o(i.SystemClock_Config) for SystemClock_Config
    main.o(i.main) refers to gpio.o(i.MX_GPIO_Init) for MX_GPIO_Init
    main.o(i.main) refers to usart.o(i.MX_USART1_UART_Init) for MX_USART1_UART_Init
    main.o(i.main) refers to tim.o(i.MX_TIM3_Init) for MX_TIM3_Init
    main.o(i.main) refers to i2c.o(i.MX_I2C1_Init) for MX_I2C1_Init
    main.o(i.main) refers to usart.o(i.MX_USART2_UART_Init) for MX_USART2_UART_Init
    main.o(i.main) refers to usart.o(i.MX_USART3_UART_Init) for MX_USART3_UART_Init
    main.o(i.main) refers to spi.o(i.MX_SPI1_Init) for MX_SPI1_Init
    main.o(i.main) refers to strrchr.o(.text) for strrchr
    main.o(i.main) refers to printfa.o(i.__0printf) for __2printf
    main.o(i.main) refers to int_llcc68.o(i.Int_llcc68_init) for Int_llcc68_init
    main.o(i.main) refers to int_llcc68.o(i.Int_llcc68_send) for Int_llcc68_send
    main.o(i.main) refers to stm32f1xx_hal.o(i.HAL_Delay) for HAL_Delay
    gpio.o(i.MX_GPIO_Init) refers to stm32f1xx_hal_gpio.o(i.HAL_GPIO_WritePin) for HAL_GPIO_WritePin
    gpio.o(i.MX_GPIO_Init) refers to stm32f1xx_hal_gpio.o(i.HAL_GPIO_Init) for HAL_GPIO_Init
    gpio.o(i.MX_GPIO_Init) refers to stm32f1xx_hal_cortex.o(i.HAL_NVIC_SetPriority) for HAL_NVIC_SetPriority
    gpio.o(i.MX_GPIO_Init) refers to stm32f1xx_hal_cortex.o(i.HAL_NVIC_EnableIRQ) for HAL_NVIC_EnableIRQ
    i2c.o(i.HAL_I2C_MspDeInit) refers to stm32f1xx_hal_gpio.o(i.HAL_GPIO_DeInit) for HAL_GPIO_DeInit
    i2c.o(i.HAL_I2C_MspInit) refers to stm32f1xx_hal_gpio.o(i.HAL_GPIO_Init) for HAL_GPIO_Init
    i2c.o(i.MX_I2C1_Init) refers to stm32f1xx_hal_i2c.o(i.HAL_I2C_Init) for HAL_I2C_Init
    i2c.o(i.MX_I2C1_Init) refers to main.o(i.Error_Handler) for Error_Handler
    i2c.o(i.MX_I2C1_Init) refers to i2c.o(.bss) for hi2c1
    spi.o(i.HAL_SPI_MspDeInit) refers to stm32f1xx_hal_gpio.o(i.HAL_GPIO_DeInit) for HAL_GPIO_DeInit
    spi.o(i.HAL_SPI_MspInit) refers to stm32f1xx_hal_gpio.o(i.HAL_GPIO_Init) for HAL_GPIO_Init
    spi.o(i.MX_SPI1_Init) refers to stm32f1xx_hal_spi.o(i.HAL_SPI_Init) for HAL_SPI_Init
    spi.o(i.MX_SPI1_Init) refers to main.o(i.Error_Handler) for Error_Handler
    spi.o(i.MX_SPI1_Init) refers to spi.o(.bss) for hspi1
    tim.o(i.HAL_TIM_MspPostInit) refers to stm32f1xx_hal_gpio.o(i.HAL_GPIO_Init) for HAL_GPIO_Init
    tim.o(i.MX_TIM3_Init) refers to memseta.o(.text) for __aeabi_memclr4
    tim.o(i.MX_TIM3_Init) refers to stm32f1xx_hal_tim.o(i.HAL_TIM_Base_Init) for HAL_TIM_Base_Init
    tim.o(i.MX_TIM3_Init) refers to main.o(i.Error_Handler) for Error_Handler
    tim.o(i.MX_TIM3_Init) refers to stm32f1xx_hal_tim.o(i.HAL_TIM_ConfigClockSource) for HAL_TIM_ConfigClockSource
    tim.o(i.MX_TIM3_Init) refers to stm32f1xx_hal_tim.o(i.HAL_TIM_PWM_Init) for HAL_TIM_PWM_Init
[...]
    ..\Drivers\STM32F1xx_HAL_Driver\Src\stm32f1xx_hal_flash.c 0x00000000   Number         0  stm32f1xx_hal_flash.o ABSOLUTE
    ..\Drivers\STM32F1xx_HAL_Driver\Src\stm32f1xx_hal_flash_ex.c 0x00000000   Number         0  stm32f1xx_hal_flash_ex.o ABSOLUTE
    ..\Drivers\STM32F1xx_HAL_Driver\Src\stm32f1xx_hal_gpio.c 0x00000000   Number         0  stm32f1xx_hal_gpio.o ABSOLUTE
    ..\Drivers\STM32F1xx_HAL_Driver\Src\stm32f1xx_hal_gpio_ex.c 0x00000000   Number         0  stm32f1xx_hal_gpio_ex.o ABSOLUTE
    ..\Drivers\STM32F1xx_HAL_Driver\Src\stm32f1xx_hal_i2c.c 0x00000000   Number         0  stm32f1xx_hal_i2c.o ABSOLUTE
    ..\Drivers\STM32F1xx_HAL_Driver\Src\stm32f1xx_hal_pwr.c 0x00000000   Number         0  stm32f1xx_hal_pwr.o ABSOLUTE
    ..\Drivers\STM32F1xx_HAL_Driver\Src\stm32f1xx_hal_rcc.c 0x00000000   Number         0  stm32f1xx_hal_rcc.o ABSOLUTE
    ..\Drivers\STM32F1xx_HAL_Driver\Src\stm32f1xx_hal_rcc_ex.c 0x00000000   Number         0  stm32f1xx_hal_rcc_ex.o ABSOLUTE
    ..\Drivers\STM32F1xx_HAL_Driver\Src\stm32f1xx_hal_spi.c 0x00000000   Number         0  stm32f1xx_hal_spi.o ABSOLUTE
    ..\Drivers\STM32F1xx_HAL_Driver\Src\stm32f1xx_hal_tim.c 0x00000000   Number         0  stm32f1xx_hal_tim.o ABSOLUTE
    ..\Drivers\STM32F1xx_HAL_Driver\Src\stm32f1xx_hal_tim_ex.c 0x00000000   Number         0  stm32f1xx_hal_tim_ex.o ABSOLUTE
    ..\Drivers\STM32F1xx_HAL_Driver\Src\stm32f1xx_hal_uart.c 0x00000000   Number         0  stm32f1xx_hal_uart.o ABSOLUTE
    ..\Interface\Int_AT6558R.c               0x00000000   Number         0  int_at6558r.o ABSOLUTE
    ..\Interface\Int_MPU6050.c               0x00000000   Number         0  int_mpu6050.o ABSOLUTE
    ..\Interface\Int_buzzer.c                0x00000000   Number         0  int_buzzer.o ABSOLUTE
    ..\Interface\Int_led.c                   0x00000000   Number         0  int_led.o ABSOLUTE
    ..\Interface\Int_qs100.c                 0x00000000   Number         0  int_qs100.o ABSOLUTE
    ..\Interface\Int_step.c                  0x00000000   Number         0  int_step.o ABSOLUTE
    ..\Interface\lora\Int_llcc68.c           0x00000000   Number         0  int_llcc68.o ABSOLUTE
    ..\Interface\lora\driver_llcc68.c        0x00000000   Number         0  driver_llcc68.o ABSOLUTE
    ..\Interface\lora\driver_llcc68_interface.c 0x00000000   Number         0  driver_llcc68_interface.o ABSOLUTE
    ..\\Common\\Com_debug.c                  0x00000000   Number         0  com_debug.o ABSOLUTE
    ..\\Interface\\Int_AT6558R.c             0x00000000   Number         0  int_at6558r.o ABSOLUTE
    ..\\Interface\\Int_MPU6050.c             0x00000000   Number         0  int_mpu6050.o ABSOLUTE
    ..\\Interface\\Int_buzzer.c              0x00000000   Number         0  int_buzzer.o ABSOLUTE
    ..\\Interface\\Int_led.c                 0x00000000   Number         0  int_led.o ABSOLUTE
    ..\\Interface\\Int_qs100.c               0x00000000   Number         0  int_qs100.o ABSOLUTE
    ..\\Interface\\Int_step.c                0x00000000   Number         0  int_step.o ABSOLUTE
    ..\\Interface\\lora\\Int_llcc68.c        0x00000000   Number         0  int_llcc68.o ABSOLUTE
    ..\\Interface\\lora\\driver_llcc68_interface.c 0x00000000   Number         0  driver_llcc68_interface.o ABSOLUTE
    cdcmple.s                                0x00000000   Number         0  cdcmple.o ABSOLUTE
    cdrcmple.s                               0x00000000   Number         0  cdrcmple.o ABSOLUTE
    dc.s                                     0x00000000   Number         0  dc.o ABSOLUTE
    handlers.s                               0x00000000   Number         0  handlers.o ABSOLUTE
    init.s                                   0x00000000   Number         0  init.o ABSOLUTE
    startup_stm32f103xb.s                    0x00000000   Number         0  startup_stm32f103xb.o ABSOLUTE
    RESET                                    0x08000000   Section      236  startup_stm32f103xb.o(RESET)
    .ARM.Collect$$$$00000000                 0x080000ec   Section        0  entry.o(.ARM.Collect$$$$00000000)
    .ARM.Collect$$$$00000001                 0x080000ec   Section        4  entry2.o(.ARM.Collect$$$$00000001)
    .ARM.Collect$$$$00000004                 0x080000f0   Section        4  entry5.o(.ARM.Collect$$$$00000004)
    .ARM.Collect$$$$00000008                 0x080000f4   Section        0  entry7b.o(.ARM.Collect$$$$00000008)
    .ARM.Collect$$$$0000000A                 0x080000f4   Section        0  entry8b.o(.ARM.Collect$$$$0000000A)
    .ARM.Collect$$$$0000000B                 0x080000f4   Section        8  entry9a.o(.ARM.Collect$$$$0000000B)
    .ARM.Collect$$$$0000000E                 0x080000fc   Section        4  entry12b.o(.ARM.Collect$$$$0000000E)
    .ARM.Collect$$$$0000000F                 0x08000100   Section        0  entry10a.o(.ARM.Collect$$$$0000000F)
    .ARM.Collect$$$$00000011                 0x08000100   Section        0  entry11a.o(.ARM.Collect$$$$00000011)
    .ARM.Collect$$$$00002712                 0x08000100   Section        4  entry2.o(.ARM.Collect$$$$00002712)
    __lit__00000000                          0x08000100   Data           4  entry2.o(.ARM.Collect$$$$00002712)
    .text                                    0x08000104   Section       36  startup_stm32f103xb.o(.text)
    .text                                    0x08000128   Section        0  llushr.o(.text)
    .text                                    0x08000148   Section        0  memcpya.o(.text)
    .text                                    0x0800016c   Section        0  memseta.o(.text)
    .text                                    0x08000190   Section        0  strrchr.o(.text)
    .text                                    0x080001a6   Section        0  fadd.o(.text)
    .text                                    0x08000256   Section        0  fmul.o(.text)
    .text                                    0x080002ba   Section        0  fdiv.o(.text)
    .text                                    0x08000336   Section        0  dadd.o(.text)
    .text                                    0x08000484   Section        0  dmul.o(.text)
    .text                                    0x08000568   Section        0  ddiv.o(.text)
    .text                                    0x08000646   Section        0  fflti.o(.text)
    .text                                    0x08000658   Section        0  ffltui.o(.text)
    .text                                    0x08000662   Section        0  dfltui.o(.text)
    .text                                    0x0800067c   Section        0  ffixui.o(.text)
    .text                                    0x080006a4   Section        0  dfixui.o(.text)
    .text                                    0x080006d6   Section        0  uidiv.o(.text)
    .text                                    0x08000702   Section        0  uldiv.o(.text)
    .text                                    0x08000764   Section        0  llshl.o(.text)
    .text                                    0x08000782   Section        0  llsshr.o(.text)
    .text                                    0x080007a6   Section        0  fepilogue.o(.text)
    .text                                    0x080007a6   Section        0  iusefp.o(.text)
    .text                                    0x08000814   Section        0  fscalb.o(.text)
    .text                                    0x0800082c   Section        0  depilogue.o(.text)
    .text                                    0x080008e6   Section        0  dfixul.o(.text)
    .text                                    0x08000916   Section        0  ffixir.o(.text)
    .text                                    0x08000964   Section       48  cdrcmple.o(.text)
    .text                                    0x08000994   Section        0  fpstat.o(.text)
    .text                                    0x08000998   Section       36  init.o(.text)
    i.BusFault_Handler                       0x080009bc   Section        0  stm32f1xx_it.o(i.BusFault_Handler)
    i.DebugMon_Handler                       0x080009c0   Section        0  stm32f1xx_it.o(i.DebugMon_Handler)
    i.EXTI15_10_IRQHandler                   0x080009c2   Section        0  stm32f1xx_it.o(i.EXTI15_10_IRQHandler)
    i.EXTI9_5_IRQHandler                     0x080009ce   Section        0  stm32f1xx_it.o(i.EXTI9_5_IRQHandler)
    i.Error_Handler                          0x080009da   Section        0  main.o(i.Error_Handler)
    i.HAL_Delay                              0x080009e0   Section        0  stm32f1xx_hal.o(i.HAL_Delay)
    i.HAL_GPIO_EXTI_Callback                 0x08000a08   Section        0  stm32f1xx_hal_gpio.o(i.HAL_GPIO_EXTI_Callback)
    i.HAL_GPIO_EXTI_IRQHandler               0x08000a0c   Section        0  stm32f1xx_hal_gpio.o(i.HAL_GPIO_EXTI_IRQHandler)
    i.HAL_GPIO_Init                          0x08000a28   Section        0  stm32f1xx_hal_gpio.o(i.HAL_GPIO_Init)
    i.HAL_GPIO_ReadPin                       0x08000d48   Section        0  stm32f1xx_hal_gpio.o(i.HAL_GPIO_ReadPin)
    i.HAL_GPIO_WritePin                      0x08000d58   Section        0  stm32f1xx_hal_gpio.o(i.HAL_GPIO_WritePin)
    i.HAL_GetTick                            0x08000d64   Section        0  stm32f1xx_hal.o(i.HAL_GetTick)
    i.HAL_I2C_Init                           0x08000d70   Section        0  stm32f1xx_hal_i2c.o(i.HAL_I2C_Init)
    i.HAL_I2C_MspInit                        0x08000f40   Section        0  i2c.o(i.HAL_I2C_MspInit)
    i.HAL_IncTick                            0x08000fb4   Section        0  stm32f1xx_hal.o(i.HAL_IncTick)
    i.HAL_Init                               0x08000fcc   Section        0  stm32f1xx_hal.o(i.HAL_Init)
    i.HAL_InitTick                           0x08000ff4   Section        0  stm32f1xx_hal.o(i.HAL_InitTick)
    i.HAL_MspInit                            0x08001040   Section        0  stm32f1xx_hal_msp.o(i.HAL_MspInit)
    i.HAL_NVIC_EnableIRQ                     0x08001094   Section        0  stm32f1xx_hal_cortex.o(i.HAL_NVIC_EnableIRQ)
    i.HAL_NVIC_SetPriority                   0x080010b4   Section        0  stm32f1xx_hal_cortex.o(i.HAL_NVIC_SetPriority)
    i.HAL_NVIC_SetPriorityGrouping           0x08001130   Section        0  stm32f1xx_hal_cortex.o(i.HAL_NVIC_SetPriorityGrouping)
    i.HAL_RCC_ClockConfig                    0x08001158   Section        0  stm32f1xx_hal_rcc.o(i.HAL_RCC_ClockConfig)
    i.HAL_RCC_GetHCLKFreq                    0x080012e4   Section        0  stm32f1xx_hal_rcc.o(i.HAL_RCC_GetHCLKFreq)
    i.HAL_RCC_GetPCLK1Freq                   0x080012f0   Section        0  stm32f1xx_hal_rcc.o(i.HAL_RCC_GetPCLK1Freq)
    i.HAL_RCC_GetPCLK2Freq                   0x08001310   Section        0  stm32f1xx_hal_rcc.o(i.HAL_RCC_GetPCLK2Freq)
    i.HAL_RCC_GetSysClockFreq                0x08001330   Section        0  stm32f1xx_hal_rcc.o(i.HAL_RCC_GetSysClockFreq)
    i.HAL_RCC_OscConfig                      0x080013a0   Section        0  stm32f1xx_hal_rcc.o(i.HAL_RCC_OscConfig)
    i.HAL_SPI_Init                           0x08001804   Section        0  stm32f1xx_hal_spi.o(i.HAL_SPI_Init)
    i.HAL_SPI_MspInit                        0x080018c4   Section        0  spi.o(i.HAL_SPI_MspInit)
    i.HAL_SPI_Receive                        0x08001948   Section        0  stm32f1xx_hal_spi.o(i.HAL_SPI_Receive)
    i.HAL_SPI_Transmit                       0x08001aca   Section        0  stm32f1xx_hal_spi.o(i.HAL_SPI_Transmit)
    i.HAL_SPI_TransmitReceive                0x08001c88   Section        0  stm32f1xx_hal_spi.o(i.HAL_SPI_TransmitReceive)
    i.HAL_SYSTICK_Config                     0x08001ed0   Section        0  stm32f1xx_hal_cortex.o(i.HAL_SYSTICK_Config)
    i.HAL_TIMEx_MasterConfigSynchronization  0x08001f04   Section        0  stm32f1xx_hal_tim_ex.o(i.HAL_TIMEx_MasterConfigSynchronization)
    i.HAL_TIM_Base_Init                      0x08001f88   Section        0  stm32f1xx_hal_tim.o(i.HAL_TIM_Base_Init)
    i.HAL_TIM_Base_MspInit                   0x08001ff0   Section        0  tim.o(i.HAL_TIM_Base_MspInit)
    i.HAL_TIM_ConfigClockSource              0x08002020   Section        0  stm32f1xx_hal_tim.o(i.HAL_TIM_ConfigClockSource)
    i.HAL_TIM_MspPostInit                    0x0800212c   Section        0  tim.o(i.HAL_TIM_MspPostInit)
    i.HAL_TIM_PWM_ConfigChannel              0x0800219c   Section        0  stm32f1xx_hal_tim.o(i.HAL_TIM_PWM_ConfigChannel)
    i.HAL_TIM_PWM_Init                       0x080022a0   Section        0  stm32f1xx_hal_tim.o(i.HAL_TIM_PWM_Init)
    i.HAL_TIM_PWM_MspInit                    0x08002306   Section        0  stm32f1xx_hal_tim.o(i.HAL_TIM_PWM_MspInit)
    i.HAL_UART_Init                          0x08002308   Section        0  stm32f1xx_hal_uart.o(i.HAL_UART_Init)
    i.HAL_UART_MspInit                       0x08002380   Section        0  usart.o(i.HAL_UART_MspInit)
    i.HAL_UART_Transmit                      0x080024e0   Section        0  stm32f1xx_hal_uart.o(i.HAL_UART_Transmit)
    i.HardFault_Handler                      0x0800259e   Section        0  stm32f1xx_it.o(i.HardFault_Handler)
    i.Int_llcc68_init                        0x080025a4   Section        0  int_llcc68.o(i.Int_llcc68_init)
    i.Int_llcc68_send                        0x08002c0c   Section        0  int_llcc68.o(i.Int_llcc68_send)
    i.Int_llcc68_set_receive_mode            0x08002c44   Section        0  int_llcc68.o(i.Int_llcc68_set_receive_mode)
    i.Int_llcc68_set_send_mode               0x08002cdc   Section        0  int_llcc68.o(i.Int_llcc68_set_send_mode)
    i.MX_GPIO_Init                           0x08002d28   Section        0  gpio.o(i.MX_GPIO_Init)
    i.MX_I2C1_Init                           0x08002e88   Section        0  i2c.o(i.MX_I2C1_Init)
    i.MX_SPI1_Init                           0x08002ec4   Section        0  spi.o(i.MX_SPI1_Init)
    i.MX_TIM3_Init                           0x08002f08   Section        0  tim.o(i.MX_TIM3_Init)
    i.MX_USART1_UART_Init                    0x08002fac   Section        0  usart.o(i.MX_USART1_UART_Init)
    i.MX_USART2_UART_Init                    0x08002fe4   Section        0  usart.o(i.MX_USART2_UART_Init)
    i.MX_USART3_UART_Init                    0x0800301c   Section        0  usart.o(i.MX_USART3_UART_Init)
    i.MemManage_Handler                      0x08003054   Section        0  stm32f1xx_it.o(i.MemManage_Handler)
    i.NMI_Handler                            0x08003058   Section        0  stm32f1xx_it.o(i.NMI_Handler)
    i.PendSV_Handler                         0x0800305c   Section        0  stm32f1xx_it.o(i.PendSV_Handler)
    i.RCC_Delay                              0x08003060   Section        0  stm32f1xx_hal_rcc.o(i.RCC_Delay)
    RCC_Delay                                0x08003061   Thumb Code    36  stm32f1xx_hal_rcc.o(i.RCC_Delay)
    i.SPI_EndRxTransaction                   0x08003088   Section        0  stm32f1xx_hal_spi.o(i.SPI_EndRxTransaction)
    SPI_EndRxTransaction                     0x08003089   Thumb Code   120  stm32f1xx_hal_spi.o(i.SPI_EndRxTransaction)
    i.SPI_EndRxTxTransaction                 0x08003100   Section        0  stm32f1xx_hal_spi.o(i.SPI_EndRxTxTransaction)
    SPI_EndRxTxTransaction                   0x08003101   Thumb Code    68  stm32f1xx_hal_spi.o(i.SPI_EndRxTxTransaction)
    i.SPI_WaitFlagStateUntilTimeout          0x08003144   Section        0  stm32f1xx_hal_spi.o(i.SPI_WaitFlagStateUntilTimeout)
    SPI_WaitFlagStateUntilTimeout            0x08003145   Thumb Code   210  stm32f1xx_hal_spi.o(i.SPI_WaitFlagStateUntilTimeout)
    i.SVC_Handler                            0x0800321c   Section        0  stm32f1xx_it.o(i.SVC_Handler)
    i.SysTick_Handler                        0x0800321e   Section        0  stm32f1xx_it.o(i.SysTick_Handler)
    i.SystemClock_Config                     0x08003226   Section        0  main.o(i.SystemClock_Config)
    i.SystemInit                             0x0800328c   Section        0  system_stm32f1xx.o(i.SystemInit)
    i.TIM_Base_SetConfig                     0x08003290   Section        0  stm32f1xx_hal_tim.o(i.TIM_Base_SetConfig)
    i.TIM_ETR_SetConfig                      0x08003314   Section        0  stm32f1xx_hal_tim.o(i.TIM_ETR_SetConfig)
    i.TIM_ITRx_SetConfig                     0x0800332a   Section        0  stm32f1xx_hal_tim.o(i.TIM_ITRx_SetConfig)
    TIM_ITRx_SetConfig                       0x0800332b   Thumb Code    18  stm32f1xx_hal_tim.o(i.TIM_ITRx_SetConfig)
    i.TIM_OC1_SetConfig                      0x0800333c   Section        0  stm32f1xx_hal_tim.o(i.TIM_OC1_SetConfig)
    TIM_OC1_SetConfig                        0x0800333d   Thumb Code    90  stm32f1xx_hal_tim.o(i.TIM_OC1_SetConfig)
    i.TIM_OC2_SetConfig                      0x0800339c   Section        0  stm32f1xx_hal_tim.o(i.TIM_OC2_SetConfig)
    i.TIM_OC3_SetConfig                      0x08003404   Section        0  stm32f1xx_hal_tim.o(i.TIM_OC3_SetConfig)
    TIM_OC3_SetConfig                        0x08003405   Thumb Code    98  stm32f1xx_hal_tim.o(i.TIM_OC3_SetConfig)
    i.TIM_OC4_SetConfig                      0x0800346c   Section        0  stm32f1xx_hal_tim.o(i.TIM_OC4_SetConfig)
    TIM_OC4_SetConfig                        0x0800346d   Thumb Code    68  stm32f1xx_hal_tim.o(i.TIM_OC4_SetConfig)
    i.TIM_TI1_ConfigInputStage               0x080034b4   Section        0  stm32f1xx_hal_tim.o(i.TIM_TI1_ConfigInputStage)
    TIM_TI1_ConfigInputStage                 0x080034b5   Thumb Code    38  stm32f1xx_hal_tim.o(i.TIM_TI1_ConfigInputStage)
    i.TIM_TI2_ConfigInputStage               0x080034da   Section        0  stm32f1xx_hal_tim.o(i.TIM_TI2_ConfigInputStage)
    TIM_TI2_ConfigInputStage                 0x080034db   Thumb Code    40  stm32f1xx_hal_tim.o(i.TIM_TI2_ConfigInputStage)
    i.UART_EndRxTransfer                     0x08003502   Section        0  stm32f1xx_hal_uart.o(i.UART_EndRxTransfer)
    UART_EndRxTransfer                       0x08003503   Thumb Code   108  stm32f1xx_hal_uart.o(i.UART_EndRxTransfer)
    i.UART_SetConfig                         0x08003570   Section        0  stm32f1xx_hal_uart.o(i.UART_SetConfig)
    UART_SetConfig                           0x08003571   Thumb Code   248  stm32f1xx_hal_uart.o(i.UART_SetConfig)
    i.UART_WaitOnFlagUntilTimeout            0x0800366c   Section        0  stm32f1xx_hal_uart.o(i.UART_WaitOnFlagUntilTimeout)
    UART_WaitOnFlagUntilTimeout              0x0800366d   Thumb Code   140  stm32f1xx_hal_uart.o(i.UART_WaitOnFlagUntilTimeout)
    i.UsageFault_Handler                     0x080036f8   Section        0  stm32f1xx_it.o(i.UsageFault_Handler)
    i.__0printf                              0x080036fc   Section        0  printfa.o(i.__0printf)
    i.__0vprintf                             0x0800371c   Section        0  printfa.o(i.__0vprintf)
    i.__ARM_fpclassifyf                      0x0800372c   Section        0  fpclassifyf.o(i.__ARM_fpclassifyf)
    i.__NVIC_GetPriorityGrouping             0x08003754   Section        0  stm32f1xx_hal_cortex.o(i.__NVIC_GetPriorityGrouping)
    __NVIC_GetPriorityGrouping               0x08003755   Thumb Code    10  stm32f1xx_hal_cortex.o(i.__NVIC_GetPriorityGrouping)
    i.__NVIC_SetPriority                     0x08003764   Section        0  stm32f1xx_hal_cortex.o(i.__NVIC_SetPriority)
    __NVIC_SetPriority                       0x08003765   Thumb Code    32  stm32f1xx_hal_cortex.o(i.__NVIC_SetPriority)
    i.__mathlib_flt_divzero                  0x0800378c   Section        0  funder.o(i.__mathlib_flt_divzero)
    i.__mathlib_flt_infnan2                  0x08003796   Section        0  funder.o(i.__mathlib_flt_infnan2)
    i.__mathlib_flt_invalid                  0x0800379a   Section        0  funder.o(i.__mathlib_flt_invalid)
    i.__mathlib_flt_overflow                 0x080037a2   Section        0  funder.o(i.__mathlib_flt_overflow)
    i.__mathlib_flt_underflow                0x080037ac   Section        0  funder.o(i.__mathlib_flt_underflow)
    i.__scatterload_copy                     0x080037b6   Section       14  handlers.o(i.__scatterload_copy)
    i.__scatterload_null                     0x080037c4   Section        2  handlers.o(i.__scatterload_null)
    i.__scatterload_zeroinit                 0x080037c6   Section       14  handlers.o(i.__scatterload_zeroinit)
    i.__set_errno                            0x080037d4   Section        0  errno.o(i.__set_errno)
    i._fp_digits                             0x080037e0   Section        0  printfa.o(i._fp_digits)
    _fp_digits                               0x080037e1   Thumb Code   366  printfa.o(i._fp_digits)
    i._printf_core                           0x08003964   Section        0  printfa.o(i._printf_core)
    _printf_core                             0x08003965   Thumb Code  1704  printfa.o(i._printf_core)
    i._printf_post_padding                   0x08004018   Section        0  printfa.o(i._printf_post_padding)
    _printf_post_padding                     0x08004019   Thumb Code    36  printfa.o(i._printf_post_padding)
    i._printf_pre_padding                    0x0800403c   Section        0  printfa.o(i._printf_pre_padding)
    _printf_pre_padding                      0x0800403d   Thumb Code    46  printfa.o(i._printf_pre_padding)
    i.a_llcc68_check_busy                    0x0800406a   Section        0  driver_llcc68.o(i.a_llcc68_check_busy)
    a_llcc68_check_busy                      0x0800406b   Thumb Code    64  driver_llcc68.o(i.a_llcc68_check_busy)
    i.a_llcc68_spi_read                      0x080040aa   Section        0  driver_llcc68.o(i.a_llcc68_spi_read)
    a_llcc68_spi_read                        0x080040ab   Thumb Code    36  driver_llcc68.o(i.a_llcc68_spi_read)
    i.a_llcc68_spi_read_buffer               0x080040d0   Section        0  driver_llcc68.o(i.a_llcc68_spi_read_buffer)
    a_llcc68_spi_read_buffer                 0x080040d1   Thumb Code    86  driver_llcc68.o(i.a_llcc68_spi_read_buffer)
    i.a_llcc68_spi_read_register             0x08004144   Section        0  driver_llcc68.o(i.a_llcc68_spi_read_register)
    a_llcc68_spi_read_register               0x08004145   Thumb Code    94  driver_llcc68.o(i.a_llcc68_spi_read_register)
    i.a_llcc68_spi_write                     0x080041c0   Section        0  driver_llcc68.o(i.a_llcc68_spi_write)
    a_llcc68_spi_write                       0x080041c1   Thumb Code    84  driver_llcc68.o(i.a_llcc68_spi_write)
    i.a_llcc68_spi_write_buffer              0x08004230   Section        0  driver_llcc68.o(i.a_llcc68_spi_write_buffer)
    a_llcc68_spi_write_buffer                0x08004231   Thumb Code    90  driver_llcc68.o(i.a_llcc68_spi_write_buffer)
    i.a_llcc68_spi_write_register            0x080042a8   Section        0  driver_llcc68.o(i.a_llcc68_spi_write_register)
    a_llcc68_spi_write_register              0x080042a9   Thumb Code    96  driver_llcc68.o(i.a_llcc68_spi_write_register)
    i.fputc                                  0x08004324   Section        0  com_debug.o(i.fputc)
    i.llcc68_clear_device_errors             0x08004340   Section        0  driver_llcc68.o(i.llcc68_clear_device_errors)
    i.llcc68_clear_irq_status                0x080043d4   Section        0  driver_llcc68.o(i.llcc68_clear_irq_status)
    i.llcc68_continuous_receive              0x08004468   Section        0  driver_llcc68.o(i.llcc68_continuous_receive)
    i.llcc68_deinit                          0x08004550   Section        0  driver_llcc68.o(i.llcc68_deinit)
    i.llcc68_frequency_convert_to_register   0x0800466c   Section        0  driver_llcc68.o(i.llcc68_frequency_convert_to_register)
    i.llcc68_get_iq_polarity                 0x080046d8   Section        0  driver_llcc68.o(i.llcc68_get_iq_polarity)
    i.llcc68_get_tx_clamp_config             0x0800475c   Section        0  driver_llcc68.o(i.llcc68_get_tx_clamp_config)
    i.llcc68_get_tx_modulation               0x080047e0   Section        0  driver_llcc68.o(i.llcc68_get_tx_modulation)
    i.llcc68_init                            0x08004864   Section        0  driver_llcc68.o(i.llcc68_init)
    i.llcc68_interface_busy_gpio_deinit      0x08004c5c   Section        0  driver_llcc68_interface.o(i.llcc68_interface_busy_gpio_deinit)
    i.llcc68_interface_busy_gpio_init        0x08004c60   Section        0  driver_llcc68_interface.o(i.llcc68_interface_busy_gpio_init)
    i.llcc68_interface_busy_gpio_read        0x08004c64   Section        0  driver_llcc68_interface.o(i.llcc68_interface_busy_gpio_read)
    i.llcc68_interface_debug_print           0x08004c7c   Section        0  driver_llcc68_interface.o(i.llcc68_interface_debug_print)
    i.llcc68_interface_delay_ms              0x08004c96   Section        0  driver_llcc68_interface.o(i.llcc68_interface_delay_ms)
    i.llcc68_interface_receive_callback      0x08004ca4   Section        0  driver_llcc68_interface.o(i.llcc68_interface_receive_callback)
    i.llcc68_interface_reset_gpio_deinit     0x08004e6c   Section        0  driver_llcc68_interface.o(i.llcc68_interface_reset_gpio_deinit)
    i.llcc68_interface_reset_gpio_init       0x08004e70   Section        0  driver_llcc68_interface.o(i.llcc68_interface_reset_gpio_init)
    i.llcc68_interface_reset_gpio_write      0x08004e74   Section        0  driver_llcc68_interface.o(i.llcc68_interface_reset_gpio_write)
    i.llcc68_interface_spi_deinit            0x08004e94   Section        0  driver_llcc68_interface.o(i.llcc68_interface_spi_deinit)
    i.llcc68_interface_spi_init              0x08004e98   Section        0  driver_llcc68_interface.o(i.llcc68_interface_spi_init)
    i.llcc68_interface_spi_write_read        0x08004e9c   Section        0  driver_llcc68_interface.o(i.llcc68_interface_spi_write_read)
    i.llcc68_irq_handler                     0x08004f1c   Section        0  driver_llcc68.o(i.llcc68_irq_handler)
    i.llcc68_lora_transmit                   0x08005200   Section        0  driver_llcc68.o(i.llcc68_lora_transmit)
    i.llcc68_reset_stats                     0x080055d4   Section        0  driver_llcc68.o(i.llcc68_reset_stats)
    i.llcc68_set_buffer_base_address         0x08005688   Section        0  driver_llcc68.o(i.llcc68_set_buffer_base_address)
    i.llcc68_set_dio_irq_params              0x08005720   Section        0  driver_llcc68.o(i.llcc68_set_dio_irq_params)
    i.llcc68_set_iq_polarity                 0x080057ec   Section        0  driver_llcc68.o(i.llcc68_set_iq_polarity)
    i.llcc68_set_lora_modulation_params      0x08005870   Section        0  driver_llcc68.o(i.llcc68_set_lora_modulation_params)
    i.llcc68_set_lora_packet_params          0x0800591c   Section        0  driver_llcc68.o(i.llcc68_set_lora_packet_params)
    i.llcc68_set_lora_symb_num_timeout       0x080059d4   Section        0  driver_llcc68.o(i.llcc68_set_lora_symb_num_timeout)
    i.llcc68_set_lora_sync_word              0x08005a64   Section        0  driver_llcc68.o(i.llcc68_set_lora_sync_word)
    i.llcc68_set_ocp                         0x08005af4   Section        0  driver_llcc68.o(i.llcc68_set_ocp)
    i.llcc68_set_pa_config                   0x08005b78   Section        0  driver_llcc68.o(i.llcc68_set_pa_config)
    i.llcc68_set_packet_type                 0x08005c10   Section        0  driver_llcc68.o(i.llcc68_set_packet_type)
    i.llcc68_set_regulator_mode              0x08005c98   Section        0  driver_llcc68.o(i.llcc68_set_regulator_mode)
    i.llcc68_set_rf_frequency                0x08005d20   Section        0  driver_llcc68.o(i.llcc68_set_rf_frequency)
    i.llcc68_set_rx_gain                     0x08005dc0   Section        0  driver_llcc68.o(i.llcc68_set_rx_gain)
    i.llcc68_set_rx_tx_fallback_mode         0x08005e44   Section        0  driver_llcc68.o(i.llcc68_set_rx_tx_fallback_mode)
    i.llcc68_set_standby                     0x08005ed4   Section        0  driver_llcc68.o(i.llcc68_set_standby)
    i.llcc68_set_stop_timer_on_preamble      0x08005f58   Section        0  driver_llcc68.o(i.llcc68_set_stop_timer_on_preamble)
    i.llcc68_set_tx_clamp_config             0x08005fe8   Section        0  driver_llcc68.o(i.llcc68_set_tx_clamp_config)
    i.llcc68_set_tx_modulation               0x0800606c   Section        0  driver_llcc68.o(i.llcc68_set_tx_modulation)
    i.llcc68_set_tx_params                   0x080060f0   Section        0  driver_llcc68.o(i.llcc68_set_tx_params)
    i.main                                   0x08006180   Section        0  main.o(i.main)
    i.powf                                   0x08006268   Section        0  powf.o(i.powf)
    .constdata                               0x08006888   Section       18  stm32f1xx_hal_rcc.o(.constdata)
    aPLLMULFactorTable                       0x08006888   Data          16  stm32f1xx_hal_rcc.o(.constdata)
    aPredivFactorTable                       0x08006898   Data           2  stm32f1xx_hal_rcc.o(.constdata)
    .constdata                               0x0800689a   Section       24  system_stm32f1xx.o(.constdata)
    .constdata                               0x080068b4   Section      320  powf.o(.constdata)
    table                                    0x080068b4   Data         128  powf.o(.constdata)
    powersof2to1over16top                    0x08006934   Data          64  powf.o(.constdata)
    powersof2to1over16bot                    0x08006974   Data          64  powf.o(.constdata)
    powersof2to1over16all                    0x080069b4   Data          64  powf.o(.constdata)
    .data                                    0x20000000   Section        9  stm32f1xx_hal.o(.data)
    .data                                    0x2000000c   Section        4  system_stm32f1xx.o(.data)
    .data                                    0x20000010   Section        4  stdout.o(.data)
    .data                                    0x20000014   Section        4  errno.o(.data)
    _errno                                   0x20000014   Data           4  errno.o(.data)
    .bss                                     0x20000018   Section       84  i2c.o(.bss)
    .bss                                     0x2000006c   Section       88  spi.o(.bss)
    .bss                                     0x200000c4   Section       72  tim.o(.bss)
    .bss                                     0x2000010c   Section      216  usart.o(.bss)
    .bss                                     0x200001e4   Section      696  int_llcc68.o(.bss)
    gs_handle                                0x200001e4   Data         696  int_llcc68.o(.bss)
    STACK                                    0x200004a0   Section     1024  startup_stm32f103xb.o(STACK)

    Global Symbols

    Symbol Name                              Value     Ov Type        Size  Object(Section)

    BuildAttributes$$THM_ISAv4$P$D$K$B$S$PE$A:L22UL41UL21$X:L11$S22US41US21$IEEE1$IW$USESV6$~STKCKD$USESV7$~SHL$OTIME$ROPI$IEEEX$EBA8$MICROLIB$REQ8$PRES8$EABIv2 0x00000000   Number         0  anon$$obj.o ABSOLUTE
    __ARM_use_no_argv                        0x00000000   Number         0  main.o ABSOLUTE
    _printf_a                                0x00000000   Number         0  stubs.o ABSOLUTE
    _printf_c                                0x00000000   Number         0  stubs.o ABSOLUTE
    _printf_charcount                        0x00000000   Number         0  stubs.o ABSOLUTE
    _printf_d                                0x00000000   Number         0  stubs.o ABSOLUTE
    _printf_e                                0x00000000   Number         0  stubs.o ABSOLUTE
    _printf_f                                0x00000000   Number         0  stubs.o ABSOLUTE
    _printf_flags                            0x00000000   Number         0  stubs.o ABSOLUTE
    _printf_fp_dec                           0x00000000   Number         0  stubs.o ABSOLUTE
    _printf_fp_hex                           0x00000000   Number         0  stubs.o ABSOLUTE
    _printf_g                                0x00000000   Number         0  stubs.o ABSOLUTE
    _printf_i                                0x00000000   Number         0  stubs.o ABSOLUTE
    _printf_int_dec                          0x00000000   Number         0  stubs.o ABSOLUTE
    _printf_l                                0x00000000   Number         0  stubs.o ABSOLUTE
    _printf_lc                               0x00000000   Number         0  stubs.o ABSOLUTE
    _printf_ll                               0x00000000   Number         0  stubs.o ABSOLUTE
    _printf_lld                              0x00000000   Number         0  stubs.o ABSOLUTE
    _printf_lli                              0x00000000   Number         0  stubs.o ABSOLUTE
    _printf_llo                              0x00000000   Number         0  stubs.o ABSOLUTE
    _printf_llu                              0x00000000   Number         0  stubs.o ABSOLUTE
    _printf_llx                              0x00000000   Number         0  stubs.o ABSOLUTE
    _printf_longlong_dec                     0x00000000   Number         0  stubs.o ABSOLUTE
    _printf_longlong_hex                     0x00000000   Number         0  stubs.o ABSOLUTE
    _printf_longlong_oct                     0x00000000   Number         0  stubs.o ABSOLUTE
    _printf_ls                               0x00000000   Number         0  stubs.o ABSOLUTE
    _printf_mbtowc                           0x00000000   Number         0  stubs.o ABSOLUTE
    _printf_n                                0x00000000   Number         0  stubs.o ABSOLUTE
    _printf_o                                0x00000000   Number         0  stubs.o ABSOLUTE
    _printf_p                                0x00000000   Number         0  stubs.o ABSOLUTE
    _printf_percent                          0x00000000   Number         0  stubs.o ABSOLUTE
    _printf_pre_padding                      0x00000000   Number         0  stubs.o ABSOLUTE
    _printf_return_value                     0x00000000   Number         0  stubs.o ABSOLUTE
    _printf_s                                0x00000000   Number         0  stubs.o ABSOLUTE
    _printf_sizespec                         0x00000000   Number         0  stubs.o ABSOLUTE
    _printf_str                              0x00000000   Number         0  stubs.o ABSOLUTE
    _printf_truncate_signed                  0x00000000   Number         0  stubs.o ABSOLUTE
    _printf_truncate_unsigned                0x00000000   Number         0  stubs.o ABSOLUTE
    _printf_u                                0x00000000   Number         0  stubs.o ABSOLUTE
    _printf_wc                               0x00000000   Number         0  stubs.o ABSOLUTE
    _printf_wctomb                           0x00000000   Number         0  stubs.o ABSOLUTE
    _printf_widthprec                        0x00000000   Number         0  stubs.o ABSOLUTE
    _printf_x                                0x00000000   Number         0  stubs.o ABSOLUTE
    __arm_fini_                               - Undefined Weak Reference
    __cpp_initialize__aeabi_                  - Undefined Weak Reference
    __cxa_finalize                            - Undefined Weak Reference
    __decompress                              - Undefined Weak Reference
    _clock_init                               - Undefined Weak Reference
    _microlib_exit                            - Undefined Weak Reference
    __Vectors_Size                           0x000000ec   Number         0  startup_stm32f103xb.o ABSOLUTE
    __Vectors                                0x08000000   Data           4  startup_stm32f103xb.o(RESET)
    __Vectors_End                            0x080000ec   Data           0  startup_stm32f103xb.o(RESET)
    __main                                   0x080000ed   Thumb Code     0  entry.o(.ARM.Collect$$$$00000000)
    _main_stk                                0x080000ed   Thumb Code     0  entry2.o(.ARM.Collect$$$$00000001)
    _main_scatterload                        0x080000f1   Thumb Code     0  entry5.o(.ARM.Collect$$$$00000004)
    __main_after_scatterload                 0x080000f5   Thumb Code     0  entry5.o(.ARM.Collect$$$$00000004)
    _main_clock                              0x080000f5   Thumb Code     0  entry7b.o(.ARM.Collect$$$$00000008)
    _main_cpp_init                           0x080000f5   Thumb Code     0  entry8b.o(.ARM.Collect$$$$0000000A)
    _main_init                               0x080000f5   Thumb Code     0  entry9a.o(.ARM.Collect$$$$0000000B)
    __rt_lib_shutdown_fini                   0x080000fd   Thumb Code     0  entry12b.o(.ARM.Collect$$$$0000000E)
    __rt_final_cpp                           0x08000101   Thumb Code     0  entry10a.o(.ARM.Collect$$$$0000000F)
    __rt_final_exit                          0x08000101   Thumb Code     0  entry11a.o(.ARM.Collect$$$$00000011)
    Reset_Handler                            0x08000105   Thumb Code     8  startup_stm32f103xb.o(.text)
    ADC1_2_IRQHandler                        0x0800011f   Thumb Code     0  startup_stm32f103xb.o(.text)
    CAN1_RX1_IRQHandler                      0x0800011f   Thumb Code     0  startup_stm32f103xb.o(.text)
    CAN1_SCE_IRQHandler                      0x0800011f   Thumb Code     0  startup_stm32f103xb.o(.text)
    DMA1_Channel1_IRQHandler                 0x0800011f   Thumb Code     0  startup_stm32f103xb.o(.text)
    DMA1_Channel2_IRQHandler                 0x0800011f   Thumb Code     0  startup_stm32f103xb.o(.text)
    DMA1_Channel3_IRQHandler                 0x0800011f   Thumb Code     0  startup_stm32f103xb.o(.text)
    DMA1_Channel4_IRQHandler                 0x0800011f   Thumb Code     0  startup_stm32f103xb.o(.text)
    DMA1_Channel5_IRQHandler                 0x0800011f   Thumb Code     0  startup_stm32f103xb.o(.text)
    DMA1_Channel6_IRQHandler                 0x0800011f   Thumb Code     0  startup_stm32f103xb.o(.text)
    DMA1_Channel7_IRQHandler                 0x0800011f   Thumb Code     0  startup_stm32f103xb.o(.text)
    EXTI0_IRQHandler                         0x0800011f   Thumb Code     0  startup_stm32f103xb.o(.text)
    EXTI1_IRQHandler                         0x0800011f   Thumb Code     0  startup_stm32f103xb.o(.text)
    EXTI2_IRQHandler                         0x0800011f   Thumb Code     0  startup_stm32f103xb.o(.text)
    EXTI3_IRQHandler                         0x0800011f   Thumb Code     0  startup_stm32f103xb.o(.text)
    EXTI4_IRQHandler                         0x0800011f   Thumb Code     0  startup_stm32f103xb.o(.text)
    FLASH_IRQHandler                         0x0800011f   Thumb Code     0  startup_stm32f103xb.o(.text)
    I2C1_ER_IRQHandler                       0x0800011f   Thumb Code     0  startup_stm32f103xb.o(.text)
    I2C1_EV_IRQHandler                       0x0800011f   Thumb Code     0  startup_stm32f103xb.o(.text)
    I2C2_ER_IRQHandler                       0x0800011f   Thumb Code     0  startup_stm32f103xb.o(.text)
    I2C2_EV_IRQHandler                       0x0800011f   Thumb Code     0  startup_stm32f103xb.o(.text)
    PVD_IRQHandler                           0x0800011f   Thumb Code     0  startup_stm32f103xb.o(.text)
    RCC_IRQHandler                           0x0800011f   Thumb Code     0  startup_stm32f103xb.o(.text)
    RTC_Alarm_IRQHandler                     0x0800011f   Thumb Code     0  startup_stm32f103xb.o(.text)
    RTC_IRQHandler                           0x0800011f   Thumb Code     0  startup_stm32f103xb.o(.text)
    SPI1_IRQHandler                          0x0800011f   Thumb Code     0  startup_stm32f103xb.o(.text)
    SPI2_IRQHandler                          0x0800011f   Thumb Code     0  startup_stm32f103xb.o(.text)
    TAMPER_IRQHandler                        0x0800011f   Thumb Code     0  startup_stm32f103xb.o(.text)
    TIM1_BRK_IRQHandler                      0x0800011f   Thumb Code     0  startup_stm32f103xb.o(.text)
    TIM1_CC_IRQHandler                       0x0800011f   Thumb Code     0  startup_stm32f103xb.o(.text)
    TIM1_TRG_COM_IRQHandler                  0x0800011f   Thumb Code     0  startup_stm32f103xb.o(.text)
    TIM1_UP_IRQHandler                       0x0800011f   Thumb Code     0  startup_stm32f103xb.o(.text)
    TIM2_IRQHandler                          0x0800011f   Thumb Code     0  startup_stm32f103xb.o(.text)
    TIM3_IRQHandler                          0x0800011f   Thumb Code     0  startup_stm32f103xb.o(.text)
    TIM4_IRQHandler                          0x0800011f   Thumb Code     0  startup_stm32f103xb.o(.text)
    USART1_IRQHandler                        0x0800011f   Thumb Code     0  startup_stm32f103xb.o(.text)
    USART2_IRQHandler                        0x0800011f   Thumb Code     0  startup_stm32f103xb.o(.text)
    USART3_IRQHandler                        0x0800011f   Thumb Code     0  startup_stm32f103xb.o(.text)
    USBWakeUp_IRQHandler                     0x0800011f   Thumb Code     0  startup_stm32f103xb.o(.text)
    USB_HP_CAN1_TX_IRQHandler                0x0800011f   Thumb Code     0  startup_stm32f103xb.o(.text)
    USB_LP_CAN1_RX0_IRQHandler               0x0800011f   Thumb Code     0  startup_stm32f103xb.o(.text)
    WWDG_IRQHandler                          0x0800011f   Thumb Code     0  startup_stm32f103xb.o(.text)
    __aeabi_llsr                             0x08000129   Thumb Code    32  llushr.o(.text)
    _ll_ushift_r                             0x08000129   Thumb Code     0  llushr.o(.text)
    __aeabi_memcpy                           0x08000149   Thumb Code    36  memcpya.o(.text)
    __aeabi_memcpy4                          0x08000149   Thumb Code     0  memcpya.o(.text)
    __aeabi_memcpy8                          0x08000149   Thumb Code     0  memcpya.o(.text)
    __aeabi_memset                           0x0800016d   Thumb Code    14  memseta.o(.text)
    __aeabi_memset4                          0x0800016d   Thumb Code     0  memseta.o(.text)
    __aeabi_memset8                          0x0800016d   Thumb Code     0  memseta.o(.text)
    __aeabi_memclr                           0x0800017b   Thumb Code     4  memseta.o(.text)
    __aeabi_memclr4                          0x0800017b   Thumb Code     0  memseta.o(.text)
    __aeabi_memclr8                          0x0800017b   Thumb Code     0  memseta.o(.text)
    _memset$wrapper                          0x0800017f   Thumb Code    18  memseta.o(.text)
    strrchr                                  0x08000191   Thumb Code    22  strrchr.o(.text)
    __aeabi_fadd                             0x080001a7   Thumb Code   164  fadd.o(.text)
    __aeabi_fsub                             0x0800024b   Thumb Code     6  fadd.o(.text)
    __aeabi_frsub                            0x08000251   Thumb Code     6  fadd.o(.text)
    __aeabi_fmul                             0x08000257   Thumb Code   100  fmul.o(.text)
    __aeabi_fdiv                             0x080002bb   Thumb Code   124  fdiv.o(.text)
    __aeabi_dadd                             0x08000337   Thumb Code   322  dadd.o(.text)
    __aeabi_dsub                             0x08000479   Thumb Code     6  dadd.o(.text)
    __aeabi_drsub                            0x0800047f   Thumb Code     6  dadd.o(.text)
    __aeabi_dmul                             0x08000485   Thumb Code   228  dmul.o(.text)
    __aeabi_ddiv                             0x08000569   Thumb Code   222  ddiv.o(.text)
    __aeabi_i2f                              0x08000647   Thumb Code    18  fflti.o(.text)
    __aeabi_ui2f                             0x08000659   Thumb Code    10  ffltui.o(.text)
    __aeabi_ui2d                             0x08000663   Thumb Code    26  dfltui.o(.text)
    __aeabi_f2uiz                            0x0800067d   Thumb Code    40  ffixui.o(.text)
    __aeabi_d2uiz                            0x080006a5   Thumb Code    50  dfixui.o(.text)
    __aeabi_uidiv                            0x080006d7   Thumb Code     0  uidiv.o(.text)
    __aeabi_uidivmod                         0x080006d7   Thumb Code    44  uidiv.o(.text)
    __aeabi_uldivmod                         0x08000703   Thumb Code    98  uldiv.o(.text)
    __aeabi_llsl                             0x08000765   Thumb Code    30  llshl.o(.text)
    _ll_shift_l                              0x08000765   Thumb Code     0  llshl.o(.text)
    __aeabi_lasr                             0x08000783   Thumb Code    36  llsshr.o(.text)
    _ll_sshift_r                             0x08000783   Thumb Code     0  llsshr.o(.text)
    __I$use$fp                               0x080007a7   Thumb Code     0  iusefp.o(.text)
    _float_round                             0x080007a7   Thumb Code    18  fepilogue.o(.text)
    _float_epilogue                          0x080007b9   Thumb Code    92  fepilogue.o(.text)
    __ARM_scalbnf                            0x08000815   Thumb Code    24  fscalb.o(.text)
    scalbnf                                  0x08000815   Thumb Code     0  fscalb.o(.text)
    _double_round                            0x0800082d   Thumb Code    30  depilogue.o(.text)
    _double_epilogue                         0x0800084b   Thumb Code   156  depilogue.o(.text)
    __aeabi_d2ulz                            0x080008e7   Thumb Code    48  dfixul.o(.text)
    _ffix_r                                  0x08000917   Thumb Code    76  ffixir.o(.text)
    __aeabi_cdrcmple                         0x08000965   Thumb Code    48  cdrcmple.o(.text)
    __fp_status                              0x08000995   Thumb Code     4  fpstat.o(.text)
    __ieee_status                            0x08000995   Thumb Code     0  fpstat.o(.text)
    __scatterload                            0x08000999   Thumb Code    28  init.o(.text)
    __scatterload_rt2                        0x08000999   Thumb Code     0  init.o(.text)
    BusFault_Handler                         0x080009bd   Thumb Code     4  stm32f1xx_it.o(i.BusFault_Handler)
    DebugMon_Handler                         0x080009c1   Thumb Code     2  stm32f1xx_it.o(i.DebugMon_Handler)
    EXTI15_10_IRQHandler                     0x080009c3   Thumb Code    12  stm32f1xx_it.o(i.EXTI15_10_IRQHandler)
    EXTI9_5_IRQHandler                       0x080009cf   Thumb Code    12  stm32f1xx_it.o(i.EXTI9_5_IRQHandler)
    Error_Handler                            0x080009db   Thumb Code     6  main.o(i.Error_Handler)
    HAL_Delay                                0x080009e1   Thumb Code    36  stm32f1xx_hal.o(i.HAL_Delay)
    HAL_GPIO_EXTI_Callback                   0x08000a09   Thumb Code     2  stm32f1xx_hal_gpio.o(i.HAL_GPIO_EXTI_Callback)
    HAL_GPIO_EXTI_IRQHandler                 0x08000a0d   Thumb Code    24  stm32f1xx_hal_gpio.o(i.HAL_GPIO_EXTI_IRQHandler)
    HAL_GPIO_Init                            0x08000a29   Thumb Code   766  stm32f1xx_hal_gpio.o(i.HAL_GPIO_Init)
    HAL_GPIO_ReadPin                         0x08000d49   Thumb Code    16  stm32f1xx_hal_gpio.o(i.HAL_GPIO_ReadPin)
    HAL_GPIO_WritePin                        0x08000d59   Thumb Code    12  stm32f1xx_hal_gpio.o(i.HAL_GPIO_WritePin)
    HAL_GetTick                              0x08000d65   Thumb Code     6  stm32f1xx_hal.o(i.HAL_GetTick)
    HAL_I2C_Init                             0x08000d71   Thumb Code   446  stm32f1xx_hal_i2c.o(i.HAL_I2C_Init)
    HAL_I2C_MspInit                          0x08000f41   Thumb Code   104  i2c.o(i.HAL_I2C_MspInit)
    HAL_IncTick                              0x08000fb5   Thumb Code    16  stm32f1xx_hal.o(i.HAL_IncTick)
    HAL_Init                                 0x08000fcd   Thumb Code    34  stm32f1xx_hal.o(i.HAL_Init)
    HAL_InitTick                             0x08000ff5   Thumb Code    64  stm32f1xx_hal.o(i.HAL_InitTick)
    HAL_MspInit                              0x08001041   Thumb Code    76  stm32f1xx_hal_msp.o(i.HAL_MspInit)
    HAL_NVIC_EnableIRQ                       0x08001095   Thumb Code    32  stm32f1xx_hal_cortex.o(i.HAL_NVIC_EnableIRQ)
    HAL_NVIC_SetPriority                     0x080010b5   Thumb Code   124  stm32f1xx_hal_cortex.o(i.HAL_NVIC_SetPriority)
    HAL_NVIC_SetPriorityGrouping             0x08001131   Thumb Code    32  stm32f1xx_hal_cortex.o(i.HAL_NVIC_SetPriorityGrouping)
    HAL_RCC_ClockConfig                      0x08001159   Thumb Code   376  stm32f1xx_hal_rcc.o(i.HAL_RCC_ClockConfig)
    HAL_RCC_GetHCLKFreq                      0x080012e5   Thumb Code     6  stm32f1xx_hal_rcc.o(i.HAL_RCC_GetHCLKFreq)
    HAL_RCC_GetPCLK1Freq                     0x080012f1   Thumb Code    22  stm32f1xx_hal_rcc.o(i.HAL_RCC_GetPCLK1Freq)
    HAL_RCC_GetPCLK2Freq                     0x08001311   Thumb Code    22  stm32f1xx_hal_rcc.o(i.HAL_RCC_GetPCLK2Freq)
    HAL_RCC_GetSysClockFreq                  0x08001331   Thumb Code    92  stm32f1xx_hal_rcc.o(i.HAL_RCC_GetSysClockFreq)
    HAL_RCC_OscConfig                        0x080013a1   Thumb Code  1114  stm32f1xx_hal_rcc.o(i.HAL_RCC_OscConfig)
    HAL_SPI_Init                             0x08001805   Thumb Code   190  stm32f1xx_hal_spi.o(i.HAL_SPI_Init)
    HAL_SPI_MspInit                          0x080018c5   Thumb Code   120  spi.o(i.HAL_SPI_MspInit)
    HAL_SPI_Receive                          0x08001949   Thumb Code   386  stm32f1xx_hal_spi.o(i.HAL_SPI_Receive)
    HAL_SPI_Transmit                         0x08001acb   Thumb Code   446  stm32f1xx_hal_spi.o(i.HAL_SPI_Transmit)
    HAL_SPI_TransmitReceive                  0x08001c89   Thumb Code   584  stm32f1xx_hal_spi.o(i.HAL_SPI_TransmitReceive)
    HAL_SYSTICK_Config                       0x08001ed1   Thumb Code    52  stm32f1xx_hal_cortex.o(i.HAL_SYSTICK_Config)
    HAL_TIMEx_MasterConfigSynchronization    0x08001f05   Thumb Code   118  stm32f1xx_hal_tim_ex.o(i.HAL_TIMEx_MasterConfigSynchronization)
    HAL_TIM_Base_Init                        0x08001f89   Thumb Code   102  stm32f1xx_hal_tim.o(i.HAL_TIM_Base_Init)
    HAL_TIM_Base_MspInit                     0x08001ff1   Thumb Code    40  tim.o(i.HAL_TIM_Base_MspInit)
    HAL_TIM_ConfigClockSource                0x08002021   Thumb Code   268  stm32f1xx_hal_tim.o(i.HAL_TIM_ConfigClockSource)
    HAL_TIM_MspPostInit                      0x0800212d   Thumb Code    96  tim.o(i.HAL_TIM_MspPostInit)
    HAL_TIM_PWM_ConfigChannel                0x0800219d   Thumb Code   260  stm32f1xx_hal_tim.o(i.HAL_TIM_PWM_ConfigChannel)
    HAL_TIM_PWM_Init                         0x080022a1   Thumb Code   102  stm32f1xx_hal_tim.o(i.HAL_TIM_PWM_Init)
    HAL_TIM_PWM_MspInit                      0x08002307   Thumb Code     2  stm32f1xx_hal_tim.o(i.HAL_TIM_PWM_MspInit)
    HAL_UART_Init                            0x08002309   Thumb Code   118  stm32f1xx_hal_uart.o(i.HAL_UART_Init)
    HAL_UART_MspInit                         0x08002381   Thumb Code   328  usart.o(i.HAL_UART_MspInit)
    HAL_UART_Transmit                        0x080024e1   Thumb Code   190  stm32f1xx_hal_uart.o(i.HAL_UART_Transmit)
    HardFault_Handler                        0x0800259f   Thumb Code     4  stm32f1xx_it.o(i.HardFault_Handler)
    Int_llcc68_init                          0x080025a5   Thumb Code   744  int_llcc68.o(i.Int_llcc68_init)
    Int_llcc68_send                          0x08002c0d   Thumb Code    52  int_llcc68.o(i.Int_llcc68_send)
    Int_llcc68_set_receive_mode              0x08002c45   Thumb Code   144  int_llcc68.o(i.Int_llcc68_set_receive_mode)
    Int_llcc68_set_send_mode                 0x08002cdd   Thumb Code    68  int_llcc68.o(i.Int_llcc68_set_send_mode)
    MX_GPIO_Init                             0x08002d29   Thumb Code   330  gpio.o(i.MX_GPIO_Init)
    MX_I2C1_Init                             0x08002e89   Thumb Code    48  i2c.o(i.MX_I2C1_Init)
    MX_SPI1_Init                             0x08002ec5   Thumb Code    60  spi.o(i.MX_SPI1_Init)
    MX_TIM3_Init                             0x08002f09   Thumb Code   156  tim.o(i.MX_TIM3_Init)
    MX_USART1_UART_Init                      0x08002fad   Thumb Code    46  usart.o(i.MX_USART1_UART_Init)
    MX_USART2_UART_Init                      0x08002fe5   Thumb Code    46  usart.o(i.MX_USART2_UART_Init)
    MX_USART3_UART_Init                      0x0800301d   Thumb Code    46  usart.o(i.MX_USART3_UART_Init)
    MemManage_Handler                        0x08003055   Thumb Code     4  stm32f1xx_it.o(i.MemManage_Handler)
    NMI_Handler                              0x08003059   Thumb Code     4  stm32f1xx_it.o(i.NMI_Handler)
    PendSV_Handler                           0x0800305d   Thumb Code     2  stm32f1xx_it.o(i.PendSV_Handler)
    SVC_Handler                              0x0800321d   Thumb Code     2  stm32f1xx_it.o(i.SVC_Handler)
    SysTick_Handler                          0x0800321f   Thumb Code     8  stm32f1xx_it.o(i.SysTick_Handler)
    SystemClock_Config                       0x08003227   Thumb Code   102  main.o(i.SystemClock_Config)
    SystemInit                               0x0800328d   Thumb Code     2  system_stm32f1xx.o(i.SystemInit)
    TIM_Base_SetConfig                       0x08003291   Thumb Code   120  stm32f1xx_hal_tim.o(i.TIM_Base_SetConfig)
    TIM_ETR_SetConfig                        0x08003315   Thumb Code    22  stm32f1xx_hal_tim.o(i.TIM_ETR_SetConfig)
    TIM_OC2_SetConfig                        0x0800339d   Thumb Code   100  stm32f1xx_hal_tim.o(i.TIM_OC2_SetConfig)
    UsageFault_Handler                       0x080036f9   Thumb Code     4  stm32f1xx_it.o(i.UsageFault_Handler)
    __0printf                                0x080036fd   Thumb Code    22  printfa.o(i.__0printf)
    __1printf                                0x080036fd   Thumb Code     0  printfa.o(i.__0printf)
    __2printf                                0x080036fd   Thumb Code     0  printfa.o(i.__0printf)
    __c89printf                              0x080036fd   Thumb Code     0  printfa.o(i.__0printf)
    printf                                   0x080036fd   Thumb Code     0  printfa.o(i.__0printf)
    __0vprintf                               0x0800371d   Thumb Code     8  printfa.o(i.__0vprintf)
    __1vprintf                               0x0800371d   Thumb Code     0  printfa.o(i.__0vprintf)
    __2vprintf                               0x0800371d   Thumb Code     0  printfa.o(i.__0vprintf)
    __c89vprintf                             0x0800371d   Thumb Code     0  printfa.o(i.__0vprintf)
    vprintf                                  0x0800371d   Thumb Code     0  printfa.o(i.__0vprintf)
    __ARM_fpclassifyf                        0x0800372d   Thumb Code    38  fpclassifyf.o(i.__ARM_fpclassifyf)
    __mathlib_flt_divzero                    0x0800378d   Thumb Code    10  funder.o(i.__mathlib_flt_divzero)
    __mathlib_flt_infnan2                    0x08003797   Thumb Code     4  funder.o(i.__mathlib_flt_infnan2)
    __mathlib_flt_invalid                    0x0800379b   Thumb Code     8  funder.o(i.__mathlib_flt_invalid)
    __mathlib_flt_overflow                   0x080037a3   Thumb Code    10  funder.o(i.__mathlib_flt_overflow)
    __mathlib_flt_underflow                  0x080037ad   Thumb Code    10  funder.o(i.__mathlib_flt_underflow)
    __scatterload_copy                       0x080037b7   Thumb Code    14  handlers.o(i.__scatterload_copy)
    __scatterload_null                       0x080037c5   Thumb Code     2  handlers.o(i.__scatterload_null)
    __scatterload_zeroinit                   0x080037c7   Thumb Code    14  handlers.o(i.__scatterload_zeroinit)
    __set_errno                              0x080037d5   Thumb Code     6  errno.o(i.__set_errno)
    fputc                                    0x08004325   Thumb Code    22  com_debug.o(i.fputc)
    llcc68_clear_device_errors               0x08004341   Thumb Code    82  driver_llcc68.o(i.llcc68_clear_device_errors)
    llcc68_clear_irq_status                  0x080043d5   Thumb Code    86  driver_llcc68.o(i.llcc68_clear_irq_status)
    llcc68_continuous_receive                0x08004469   Thumb Code   148  driver_llcc68.o(i.llcc68_continuous_receive)
    llcc68_deinit                            0x08004551   Thumb Code   130  driver_llcc68.o(i.llcc68_deinit)
    llcc68_frequency_convert_to_register     0x0800466d   Thumb Code    94  driver_llcc68.o(i.llcc68_frequency_convert_to_register)
    llcc68_get_iq_polarity                   0x080046d9   Thumb Code    76  driver_llcc68.o(i.llcc68_get_iq_polarity)
    llcc68_get_tx_clamp_config               0x0800475d   Thumb Code    76  driver_llcc68.o(i.llcc68_get_tx_clamp_config)
    llcc68_get_tx_modulation                 0x080047e1   Thumb Code    76  driver_llcc68.o(i.llcc68_get_tx_modulation)
    llcc68_init                              0x08004865   Thumb Code   426  driver_llcc68.o(i.llcc68_init)
    llcc68_interface_busy_gpio_deinit        0x08004c5d   Thumb Code     4  driver_llcc68_interface.o(i.llcc68_interface_busy_gpio_deinit)
    llcc68_interface_busy_gpio_init          0x08004c61   Thumb Code     4  driver_llcc68_interface.o(i.llcc68_interface_busy_gpio_init)
    llcc68_interface_busy_gpio_read          0x08004c65   Thumb Code    20  driver_llcc68_interface.o(i.llcc68_interface_busy_gpio_read)
    llcc68_interface_debug_print             0x08004c7d   Thumb Code    26  driver_llcc68_interface.o(i.llcc68_interface_debug_print)
    llcc68_interface_delay_ms                0x08004c97   Thumb Code    12  driver_llcc68_interface.o(i.llcc68_interface_delay_ms)
    llcc68_interface_receive_callback        0x08004ca5   Thumb Code   154  driver_llcc68_interface.o(i.llcc68_interface_receive_callback)
    llcc68_interface_reset_gpio_deinit       0x08004e6d   Thumb Code     4  driver_llcc68_interface.o(i.llcc68_interface_reset_gpio_deinit)
    llcc68_interface_reset_gpio_init         0x08004e71   Thumb Code     4  driver_llcc68_interface.o(i.llcc68_interface_reset_gpio_init)
    llcc68_interface_reset_gpio_write        0x08004e75   Thumb Code    26  driver_llcc68_interface.o(i.llcc68_interface_reset_gpio_write)
    llcc68_interface_spi_deinit              0x08004e95   Thumb Code     4  driver_llcc68_interface.o(i.llcc68_interface_spi_deinit)
    llcc68_interface_spi_init                0x08004e99   Thumb Code     4  driver_llcc68_interface.o(i.llcc68_interface_spi_init)
    llcc68_interface_spi_write_read          0x08004e9d   Thumb Code   118  driver_llcc68_interface.o(i.llcc68_interface_spi_write_read)
    llcc68_irq_handler                       0x08004f1d   Thumb Code   536  driver_llcc68.o(i.llcc68_irq_handler)
    llcc68_lora_transmit                     0x08005201   Thumb Code   674  driver_llcc68.o(i.llcc68_lora_transmit)
    llcc68_reset_stats                       0x080055d5   Thumb Code   122  driver_llcc68.o(i.llcc68_reset_stats)
    llcc68_set_buffer_base_address           0x08005689   Thumb Code    84  driver_llcc68.o(i.llcc68_set_buffer_base_address)
    llcc68_set_dio_irq_params                0x08005721   Thumb Code   142  driver_llcc68.o(i.llcc68_set_dio_irq_params)
    llcc68_set_iq_polarity                   0x080057ed   Thumb Code    74  driver_llcc68.o(i.llcc68_set_iq_polarity)
    llcc68_set_lora_modulation_params        0x08005871   Thumb Code   102  driver_llcc68.o(i.llcc68_set_lora_modulation_params)
    llcc68_set_lora_packet_params            0x0800591d   Thumb Code   114  driver_llcc68.o(i.llcc68_set_lora_packet_params)
    llcc68_set_lora_symb_num_timeout         0x080059d5   Thumb Code    76  driver_llcc68.o(i.llcc68_set_lora_symb_num_timeout)
    llcc68_set_lora_sync_word                0x08005a65   Thumb Code    88  driver_llcc68.o(i.llcc68_set_lora_sync_word)
    llcc68_set_ocp                           0x08005af5   Thumb Code    74  driver_llcc68.o(i.llcc68_set_ocp)
    llcc68_set_pa_config                     0x08005b79   Thumb Code    96  driver_llcc68.o(i.llcc68_set_pa_config)
    llcc68_set_packet_type                   0x08005c11   Thumb Code    76  driver_llcc68.o(i.llcc68_set_packet_type)
    llcc68_set_regulator_mode                0x08005c99   Thumb Code    76  driver_llcc68.o(i.llcc68_set_regulator_mode)
    llcc68_set_rf_frequency                  0x08005d21   Thumb Code    98  driver_llcc68.o(i.llcc68_set_rf_frequency)
    llcc68_set_rx_gain                       0x08005dc1   Thumb Code    74  driver_llcc68.o(i.llcc68_set_rx_gain)
    llcc68_set_rx_tx_fallback_mode           0x08005e45   Thumb Code    76  driver_llcc68.o(i.llcc68_set_rx_tx_fallback_mode)
    llcc68_set_standby                       0x08005ed5   Thumb Code    76  driver_llcc68.o(i.llcc68_set_standby)
    llcc68_set_stop_timer_on_preamble        0x08005f59   Thumb Code    76  driver_llcc68.o(i.llcc68_set_stop_timer_on_preamble)
    llcc68_set_tx_clamp_config               0x08005fe9   Thumb Code    74  driver_llcc68.o(i.llcc68_set_tx_clamp_config)
    llcc68_set_tx_modulation                 0x0800606d   Thumb Code    74  driver_llcc68.o(i.llcc68_set_tx_modulation)
    llcc68_set_tx_params                     0x080060f1   Thumb Code    86  driver_llcc68.o(i.llcc68_set_tx_params)
    main                                     0x08006181   Thumb Code   168  main.o(i.main)
    __mathlib_powf                           0x08006269   Thumb Code     0  powf.o(i.powf)
    powf                                     0x08006269   Thumb Code  1548  powf.o(i.powf)
    AHBPrescTable                            0x0800689a   Data          16  system_stm32f1xx.o(.constdata)
    APBPrescTable                            0x080068aa   Data           8  system_stm32f1xx.o(.constdata)
    Region$$Table$$Base                      0x080069f4   Number         0  anon$$obj.o(Region$$Table)
    Region$$Table$$Limit                     0x08006a14   Number         0  anon$$obj.o(Region$$Table)
    uwTick                                   0x20000000   Data           4  stm32f1xx_hal.o(.data)
    uwTickPrio                               0x20000004   Data           4  stm32f1xx_hal.o(.data)
    uwTickFreq                               0x20000008   Data           1  stm32f1xx_hal.o(.data)
    SystemCoreClock                          0x2000000c   Data           4  system_stm32f1xx.o(.data)
    __stdout                                 0x20000010   Data           4  stdout.o(.data)
    hi2c1                                    0x20000018   Data          84  i2c.o(.bss)
    hspi1                                    0x2000006c   Data          88  spi.o(.bss)
    htim3                                    0x200000c4   Data          72  tim.o(.bss)
    huart1                                   0x2000010c   Data          72  usart.o(.bss)
    huart2                                   0x20000154   Data          72  usart.o(.bss)
    huart3                                   0x2000019c   Data          72  usart.o(.bss)
    __initial_sp                             0x200008a0   Data           0  startup_stm32f103xb.o(STACK)



==============================================================================

Memory Map of the image

  Image Entry point : 0x080000ed

  Load Region LR_IROM1 (Base: 0x08000000, Size: 0x00006a2c, Max: 0x00010000, ABSOLUTE)

    Execution Region ER_IROM1 (Exec base: 0x08000000, Load base: 0x08000000, Size: 0x00006a14, Max: 0x00010000, ABSOLUTE)

    Exec Addr    Load Addr    Size         Type   Attr      Idx    E Section Name        Object

    0x08000000   0x08000000   0x000000ec   Data   RO            3    RESET               startup_stm32f103xb.o
    0x080000ec   0x080000ec   0x00000000   Code   RO         5002  * .ARM.Collect$$$$00000000  mc_w.l(entry.o)
    0x080000ec   0x080000ec   0x00000004   Code   RO         5344    .ARM.Collect$$$$00000001  mc_w.l(entry2.o)
    0x080000f0   0x080000f0   0x00000004   Code   RO         5347    .ARM.Collect$$$$00000004  mc_w.l(entry5.o)
    0x080000f4   0x080000f4   0x00000000   Code   RO         5349    .ARM.Collect$$$$00000008  mc_w.l(entry7b.o)
    0x080000f4   0x080000f4   0x00000000   Code   RO         5351    .ARM.Collect$$$$0000000A  mc_w.l(entry8b.o)
    0x080000f4   0x080000f4   0x00000008   Code   RO         5352    .ARM.Collect$$$$0000000B  mc_w.l(entry9a.o)
    0x080000fc   0x080000fc   0x00000004   Code   RO         5359    .ARM.Collect$$$$0000000E  mc_w.l(entry12b.o)
    0x08000100   0x08000100   0x00000000   Code   RO         5354    .ARM.Collect$$$$0000000F  mc_w.l(entry10a.o)
    0x08000100   0x08000100   0x00000000   Code   RO         5356    .ARM.Collect$$$$00000011  mc_w.l(entry11a.o)
    0x08000100   0x08000100   0x00000004   Code   RO         5345    .ARM.Collect$$$$00002712  mc_w.l(entry2.o)
    0x08000104   0x08000104   0x00000024   Code   RO            4    .text               startup_stm32f103xb.o
    0x08000128   0x08000128   0x00000020   Code   RO         5005    .text               mc_w.l(llushr.o)
    0x08000148   0x08000148   0x00000024   Code   RO         5007    .text               mc_w.l(memcpya.o)
    0x0800016c   0x0800016c   0x00000024   Code   RO         5009    .text               mc_w.l(memseta.o)
    0x08000190   0x08000190   0x00000016   Code   RO         5025    .text               mc_w.l(strrchr.o)
    0x080001a6   0x080001a6   0x000000b0   Code   RO         5294    .text               mf_w.l(fadd.o)
    0x08000256   0x08000256   0x00000064   Code   RO         5296    .text               mf_w.l(fmul.o)
    0x080002ba   0x080002ba   0x0000007c   Code   RO         5298    .text               mf_w.l(fdiv.o)
    0x08000336   0x08000336   0x0000014e   Code   RO         5300    .text               mf_w.l(dadd.o)
    0x08000484   0x08000484   0x000000e4   Code   RO         5302    .text               mf_w.l(dmul.o)
    0x08000568   0x08000568   0x000000de   Code   RO         5304    .text               mf_w.l(ddiv.o)
    0x08000646   0x08000646   0x00000012   Code   RO         5306    .text               mf_w.l(fflti.o)
    0x08000658   0x08000658   0x0000000a   Code   RO         5308    .text               mf_w.l(ffltui.o)
    0x08000662   0x08000662   0x0000001a   Code   RO         5312    .text               mf_w.l(dfltui.o)
    0x0800067c   0x0800067c   0x00000028   Code   RO         5316    .text               mf_w.l(ffixui.o)
    0x080006a4   0x080006a4   0x00000032   Code   RO         5320    .text               mf_w.l(dfixui.o)
    0x080006d6   0x080006d6   0x0000002c   Code   RO         5361    .text               mc_w.l(uidiv.o)
    0x08000702   0x08000702   0x00000062   Code   RO         5363    .text               mc_w.l(uldiv.o)
    0x08000764   0x08000764   0x0000001e   Code   RO         5365    .text               mc_w.l(llshl.o)
    0x08000782   0x08000782   0x00000024   Code   RO         5367    .text               mc_w.l(llsshr.o)
    0x080007a6   0x080007a6   0x00000000   Code   RO         5408    .text               mc_w.l(iusefp.o)
    0x080007a6   0x080007a6   0x0000006e   Code   RO         5409    .text               mf_w.l(fepilogue.o)
    0x08000814   0x08000814   0x00000018   Code   RO         5411    .text               mf_w.l(fscalb.o)
    0x0800082c   0x0800082c   0x000000ba   Code   RO         5413    .text               mf_w.l(depilogue.o)
    0x080008e6   0x080008e6   0x00000030   Code   RO         5415    .text               mf_w.l(dfixul.o)
    0x08000916   0x08000916   0x0000004c   Code   RO         5417    .text               mf_w.l(ffixir.o)
    0x08000962   0x08000962   0x00000002   PAD
    0x08000964   0x08000964   0x00000030   Code   RO         5419    .text               mf_w.l(cdrcmple.o)
    0x08000994   0x08000994   0x00000004   Code   RO         5421    .text               mf_w.l(fpstat.o)
    0x08000998   0x08000998   0x00000024   Code   RO         5423    .text               mc_w.l(init.o)
    0x080009bc   0x080009bc   0x00000004   Code   RO          428    i.BusFault_Handler  stm32f1xx_it.o
    0x080009c0   0x080009c0   0x00000002   Code   RO          429    i.DebugMon_Handler  stm32f1xx_it.o
    0x080009c2   0x080009c2   0x0000000c   Code   RO          430    i.EXTI15_10_IRQHandler  stm32f1xx_it.o
    0x080009ce   0x080009ce   0x0000000c   Code   RO          431    i.EXTI9_5_IRQHandler  stm32f1xx_it.o
    0x080009da   0x080009da   0x00000006   Code   RO           13    i.Error_Handler     main.o
    0x080009e0   0x080009e0   0x00000028   Code   RO         1059    i.HAL_Delay         stm32f1xx_hal.o
    0x08000a08   0x08000a08   0x00000002   Code   RO         1372    i.HAL_GPIO_EXTI_Callback  stm32f1xx_hal_gpio.o
    0x08000a0a   0x08000a0a   0x00000002   PAD
    0x08000a0c   0x08000a0c   0x0000001c   Code   RO         1373    i.HAL_GPIO_EXTI_IRQHandler  stm32f1xx_hal_gpio.o
    0x08000a28   0x08000a28   0x00000320   Code   RO         1374    i.HAL_GPIO_Init     stm32f1xx_hal_gpio.o
    0x08000d48   0x08000d48   0x00000010   Code   RO         1376    i.HAL_GPIO_ReadPin  stm32f1xx_hal_gpio.o
    0x08000d58   0x08000d58   0x0000000c   Code   RO         1378    i.HAL_GPIO_WritePin  stm32f1xx_hal_gpio.o
    0x08000d64   0x08000d64   0x0000000c   Code   RO         1063    i.HAL_GetTick       stm32f1xx_hal.o
    0x08000d70   0x08000d70   0x000001d0   Code   RO          586    i.HAL_I2C_Init      stm32f1xx_hal_i2c.o
    0x08000f40   0x08000f40   0x00000074   Code   RO          243    i.HAL_I2C_MspInit   i2c.o
    0x08000fb4   0x08000fb4   0x00000018   Code   RO         1069    i.HAL_IncTick       stm32f1xx_hal.o
    0x08000fcc   0x08000fcc   0x00000028   Code   RO         1070    i.HAL_Init          stm32f1xx_hal.o
    0x08000ff4   0x08000ff4   0x0000004c   Code   RO         1071    i.HAL_InitTick      stm32f1xx_hal.o
    0x08001040   0x08001040   0x00000054   Code   RO          515    i.HAL_MspInit       stm32f1xx_hal_msp.o
    0x08001094   0x08001094   0x00000020   Code   RO         1534    i.HAL_NVIC_EnableIRQ  stm32f1xx_hal_cortex.o
    0x080010b4   0x080010b4   0x0000007c   Code   RO         1540    i.HAL_NVIC_SetPriority  stm32f1xx_hal_cortex.o
    0x08001130   0x08001130   0x00000028   Code   RO         1541    i.HAL_NVIC_SetPriorityGrouping  stm32f1xx_hal_cortex.o
    0x08001158   0x08001158   0x0000018c   Code   RO         1227    i.HAL_RCC_ClockConfig  stm32f1xx_hal_rcc.o
    0x080012e4   0x080012e4   0x0000000c   Code   RO         1232    i.HAL_RCC_GetHCLKFreq  stm32f1xx_hal_rcc.o
    0x080012f0   0x080012f0   0x00000020   Code   RO         1234    i.HAL_RCC_GetPCLK1Freq  stm32f1xx_hal_rcc.o
    0x08001310   0x08001310   0x00000020   Code   RO         1235    i.HAL_RCC_GetPCLK2Freq  stm32f1xx_hal_rcc.o
    0x08001330   0x08001330   0x00000070   Code   RO         1236    i.HAL_RCC_GetSysClockFreq  stm32f1xx_hal_rcc.o
    0x080013a0   0x080013a0   0x00000464   Code   RO         1239    i.HAL_RCC_OscConfig  stm32f1xx_hal_rcc.o
    0x08001804   0x08001804   0x000000be   Code   RO         2071    i.HAL_SPI_Init      stm32f1xx_hal_spi.o
    0x080018c2   0x080018c2   0x00000002   PAD
    0x080018c4   0x080018c4   0x00000084   Code   RO          285    i.HAL_SPI_MspInit   spi.o
    0x08001948   0x08001948   0x00000182   Code   RO         2074    i.HAL_SPI_Receive   stm32f1xx_hal_spi.o
    0x08001aca   0x08001aca   0x000001be   Code   RO         2079    i.HAL_SPI_Transmit  stm32f1xx_hal_spi.o
    0x08001c88   0x08001c88   0x00000248   Code   RO         2080    i.HAL_SPI_TransmitReceive  stm32f1xx_hal_spi.o
    0x08001ed0   0x08001ed0   0x00000034   Code   RO         1545    i.HAL_SYSTICK_Config  stm32f1xx_hal_cortex.o
    0x08001f04   0x08001f04   0x00000084   Code   RO         3118    i.HAL_TIMEx_MasterConfigSynchronization  stm32f1xx_hal_tim_ex.o
    0x08001f88   0x08001f88   0x00000066   Code   RO         2384    i.HAL_TIM_Base_Init  stm32f1xx_hal_tim.o
    0x08001fee   0x08001fee   0x00000002   PAD
    0x08001ff0   0x08001ff0   0x00000030   Code   RO          327    i.HAL_TIM_Base_MspInit  tim.o
    0x08002020   0x08002020   0x0000010c   Code   RO         2393    i.HAL_TIM_ConfigClockSource  stm32f1xx_hal_tim.o
    0x0800212c   0x0800212c   0x00000070   Code   RO          328    i.HAL_TIM_MspPostInit  tim.o
    0x0800219c   0x0800219c   0x00000104   Code   RO         2456    i.HAL_TIM_PWM_ConfigChannel  stm32f1xx_hal_tim.o
    0x080022a0   0x080022a0   0x00000066   Code   RO         2459    i.HAL_TIM_PWM_Init  stm32f1xx_hal_tim.o
    0x08002306   0x08002306   0x00000002   Code   RO         2461    i.HAL_TIM_PWM_MspInit  stm32f1xx_hal_tim.o
    0x08002308   0x08002308   0x00000076   Code   RO         3396    i.HAL_UART_Init     stm32f1xx_hal_uart.o
    0x0800237e   0x0800237e   0x00000002   PAD
    0x08002380   0x08002380   0x00000160   Code   RO          375    i.HAL_UART_MspInit  usart.o
    0x080024e0   0x080024e0   0x000000be   Code   RO         3404    i.HAL_UART_Transmit  stm32f1xx_hal_uart.o
    0x0800259e   0x0800259e   0x00000004   Code   RO          432    i.HardFault_Handler  stm32f1xx_it.o
    0x080025a2   0x080025a2   0x00000002   PAD
    0x080025a4   0x080025a4   0x00000668   Code   RO         4934    i.Int_llcc68_init   int_llcc68.o
    0x08002c0c   0x08002c0c   0x00000038   Code   RO         4936    i.Int_llcc68_send   int_llcc68.o
    0x08002c44   0x08002c44   0x00000098   Code   RO         4937    i.Int_llcc68_set_receive_mode  int_llcc68.o
    0x08002cdc   0x08002cdc   0x0000004c   Code   RO         4938    i.Int_llcc68_set_send_mode  int_llcc68.o
    0x08002d28   0x08002d28   0x00000160   Code   RO          218    i.MX_GPIO_Init      gpio.o
    0x08002e88   0x08002e88   0x0000003c   Code   RO          244    i.MX_I2C1_Init      i2c.o
    0x08002ec4   0x08002ec4   0x00000044   Code   RO          286    i.MX_SPI1_Init      spi.o
    0x08002f08   0x08002f08   0x000000a4   Code   RO          329    i.MX_TIM3_Init      tim.o
    0x08002fac   0x08002fac   0x00000038   Code   RO          376    i.MX_USART1_UART_Init  usart.o
    0x08002fe4   0x08002fe4   0x00000038   Code   RO          377    i.MX_USART2_UART_Init  usart.o
    0x0800301c   0x0800301c   0x00000038   Code   RO          378    i.MX_USART3_UART_Init  usart.o
    0x08003054   0x08003054   0x00000004   Code   RO          433    i.MemManage_Handler  stm32f1xx_it.o
    0x08003058   0x08003058   0x00000004   Code   RO          434    i.NMI_Handler       stm32f1xx_it.o
    0x0800305c   0x0800305c   0x00000002   Code   RO          435    i.PendSV_Handler    stm32f1xx_it.o
    0x0800305e   0x0800305e   0x00000002   PAD
    0x08003060   0x08003060   0x00000028   Code   RO         1240    i.RCC_Delay         stm32f1xx_hal_rcc.o
    0x08003088   0x08003088   0x00000078   Code   RO         2108    i.SPI_EndRxTransaction  stm32f1xx_hal_spi.o
    0x08003100   0x08003100   0x00000044   Code   RO         2109    i.SPI_EndRxTxTransaction  stm32f1xx_hal_spi.o
    0x08003144   0x08003144   0x000000d8   Code   RO         2114    i.SPI_WaitFlagStateUntilTimeout  stm32f1xx_hal_spi.o
    0x0800321c   0x0800321c   0x00000002   Code   RO          436    i.SVC_Handler       stm32f1xx_it.o
    0x0800321e   0x0800321e   0x00000008   Code   RO          437    i.SysTick_Handler   stm32f1xx_it.o
    0x08003226   0x08003226   0x00000066   Code   RO           14    i.SystemClock_Config  main.o
    0x0800328c   0x0800328c   0x00000002   Code   RO         3740    i.SystemInit        system_stm32f1xx.o
    0x0800328e   0x0800328e   0x00000002   PAD
    0x08003290   0x08003290   0x00000084   Code   RO         2477    i.TIM_Base_SetConfig  stm32f1xx_hal_tim.o
    0x08003314   0x08003314   0x00000016   Code   RO         2488    i.TIM_ETR_SetConfig  stm32f1xx_hal_tim.o
    0x0800332a   0x0800332a   0x00000012   Code   RO         2489    i.TIM_ITRx_SetConfig  stm32f1xx_hal_tim.o
    0x0800333c   0x0800333c   0x00000060   Code   RO         2490    i.TIM_OC1_SetConfig  stm32f1xx_hal_tim.o
    0x0800339c   0x0800339c   0x00000068   Code   RO         2491    i.TIM_OC2_SetConfig  stm32f1xx_hal_tim.o
    0x08003404   0x08003404   0x00000068   Code   RO         2492    i.TIM_OC3_SetConfig  stm32f1xx_hal_tim.o
    0x0800346c   0x0800346c   0x00000048   Code   RO         2493    i.TIM_OC4_SetConfig  stm32f1xx_hal_tim.o
    0x080034b4   0x080034b4   0x00000026   Code   RO         2495    i.TIM_TI1_ConfigInputStage  stm32f1xx_hal_tim.o
    0x080034da   0x080034da   0x00000028   Code   RO         2497    i.TIM_TI2_ConfigInputStage  stm32f1xx_hal_tim.o
    0x08003502   0x08003502   0x0000006c   Code   RO         3419    i.UART_EndRxTransfer  stm32f1xx_hal_uart.o
    0x0800356e   0x0800356e   0x00000002   PAD
    0x08003570   0x08003570   0x000000fc   Code   RO         3423    i.UART_SetConfig    stm32f1xx_hal_uart.o
    0x0800366c   0x0800366c   0x0000008c   Code   RO         3427    i.UART_WaitOnFlagUntilTimeout  stm32f1xx_hal_uart.o
    0x080036f8   0x080036f8   0x00000004   Code   RO          438    i.UsageFault_Handler  stm32f1xx_it.o
    0x080036fc   0x080036fc   0x00000020   Code   RO         5262    i.__0printf         mc_w.l(printfa.o)
    0x0800371c   0x0800371c   0x00000010   Code   RO         5266    i.__0vprintf        mc_w.l(printfa.o)
    0x0800372c   0x0800372c   0x00000026   Code   RO         5328    i.__ARM_fpclassifyf  m_ws.l(fpclassifyf.o)
    0x08003752   0x08003752   0x00000002   PAD
    0x08003754   0x08003754   0x00000010   Code   RO         1547    i.__NVIC_GetPriorityGrouping  stm32f1xx_hal_cortex.o
    0x08003764   0x08003764   0x00000028   Code   RO         1548    i.__NVIC_SetPriority  stm32f1xx_hal_cortex.o
    0x0800378c   0x0800378c   0x0000000a   Code   RO         5330    i.__mathlib_flt_divzero  m_ws.l(funder.o)
    0x08003796   0x08003796   0x00000004   Code   RO         5332    i.__mathlib_flt_infnan2  m_ws.l(funder.o)
    0x0800379a   0x0800379a   0x00000008   Code   RO         5333    i.__mathlib_flt_invalid  m_ws.l(funder.o)
    0x080037a2   0x080037a2   0x0000000a   Code   RO         5334    i.__mathlib_flt_overflow  m_ws.l(funder.o)
    0x080037ac   0x080037ac   0x0000000a   Code   RO         5336    i.__mathlib_flt_underflow  m_ws.l(funder.o)
    0x080037b6   0x080037b6   0x0000000e   Code   RO         5442    i.__scatterload_copy  mc_w.l(handlers.o)
    0x080037c4   0x080037c4   0x00000002   Code   RO         5443    i.__scatterload_null  mc_w.l(handlers.o)
    0x080037c6   0x080037c6   0x0000000e   Code   RO         5444    i.__scatterload_zeroinit  mc_w.l(handlers.o)
    0x080037d4   0x080037d4   0x0000000c   Code   RO         5399    i.__set_errno       mc_w.l(errno.o)
    0x080037e0   0x080037e0   0x00000184   Code   RO         5269    i._fp_digits        mc_w.l(printfa.o)
    0x08003964   0x08003964   0x000006b4   Code   RO         5270    i._printf_core      mc_w.l(printfa.o)
    0x08004018   0x08004018   0x00000024   Code   RO         5271    i._printf_post_padding  mc_w.l(printfa.o)
    0x0800403c   0x0800403c   0x0000002e   Code   RO         5272    i._printf_pre_padding  mc_w.l(printfa.o)
    0x0800406a   0x0800406a   0x00000040   Code   RO         4147    i.a_llcc68_check_busy  driver_llcc68.o
    0x080040aa   0x080040aa   0x00000024   Code   RO         4148    i.a_llcc68_spi_read  driver_llcc68.o
    0x080040ce   0x080040ce   0x00000002   PAD
    0x080040d0   0x080040d0   0x00000074   Code   RO         4149    i.a_llcc68_spi_read_buffer  driver_llcc68.o
    0x08004144   0x08004144   0x0000007c   Code   RO         4150    i.a_llcc68_spi_read_register  driver_llcc68.o
    0x080041c0   0x080041c0   0x00000070   Code   RO         4151    i.a_llcc68_spi_write  driver_llcc68.o
    0x08004230   0x08004230   0x00000078   Code   RO         4152    i.a_llcc68_spi_write_buffer  driver_llcc68.o
    0x080042a8   0x080042a8   0x0000007c   Code   RO         4153    i.a_llcc68_spi_write_register  driver_llcc68.o
    0x08004324   0x08004324   0x0000001c   Code   RO         3776    i.fputc             com_debug.o
    0x08004340   0x08004340   0x00000094   Code   RO         4155    i.llcc68_clear_device_errors  driver_llcc68.o
    0x080043d4   0x080043d4   0x00000094   Code   RO         4156    i.llcc68_clear_irq_status  driver_llcc68.o
    0x08004468   0x08004468   0x000000e8   Code   RO         4157    i.llcc68_continuous_receive  driver_llcc68.o
    0x08004550   0x08004550   0x0000011c   Code   RO         4158    i.llcc68_deinit     driver_llcc68.o
    0x0800466c   0x0800466c   0x0000006c   Code   RO         4160    i.llcc68_frequency_convert_to_register  driver_llcc68.o
    0x080046d8   0x080046d8   0x00000084   Code   RO         4174    i.llcc68_get_iq_polarity  driver_llcc68.o
    0x0800475c   0x0800475c   0x00000084   Code   RO         4188    i.llcc68_get_tx_clamp_config  driver_llcc68.o
    0x080047e0   0x080047e0   0x00000084   Code   RO         4189    i.llcc68_get_tx_modulation  driver_llcc68.o
    0x08004864   0x08004864   0x000003f8   Code   RO         4197    i.llcc68_init       driver_llcc68.o
    0x08004c5c   0x08004c5c   0x00000004   Code   RO         4831    i.llcc68_interface_busy_gpio_deinit  driver_llcc68_interface.o
    0x08004c60   0x08004c60   0x00000004   Code   RO         4832    i.llcc68_interface_busy_gpio_init  driver_llcc68_interface.o
    0x08004c64   0x08004c64   0x00000018   Code   RO         4833    i.llcc68_interface_busy_gpio_read  driver_llcc68_interface.o
    0x08004c7c   0x08004c7c   0x0000001a   Code   RO         4834    i.llcc68_interface_debug_print  driver_llcc68_interface.o
    0x08004c96   0x08004c96   0x0000000c   Code   RO         4835    i.llcc68_interface_delay_ms  driver_llcc68_interface.o
    0x08004ca2   0x08004ca2   0x00000002   PAD
    0x08004ca4   0x08004ca4   0x000001c8   Code   RO         4836    i.llcc68_interface_receive_callback  driver_llcc68_interface.o
    0x08004e6c   0x08004e6c   0x00000004   Code   RO         4837    i.llcc68_interface_reset_gpio_deinit  driver_llcc68_interface.o
    0x08004e70   0x08004e70   0x00000004   Code   RO         4838    i.llcc68_interface_reset_gpio_init  driver_llcc68_interface.o
    0x08004e74   0x08004e74   0x00000020   Code   RO         4839    i.llcc68_interface_reset_gpio_write  driver_llcc68_interface.o
    0x08004e94   0x08004e94   0x00000004   Code   RO         4840    i.llcc68_interface_spi_deinit  driver_llcc68_interface.o
    0x08004e98   0x08004e98   0x00000004   Code   RO         4841    i.llcc68_interface_spi_init  driver_llcc68_interface.o
    0x08004e9c   0x08004e9c   0x00000080   Code   RO         4842    i.llcc68_interface_spi_write_read  driver_llcc68_interface.o
    0x08004f1c   0x08004f1c   0x000002e4   Code   RO         4198    i.llcc68_irq_handler  driver_llcc68.o
    0x08005200   0x08005200   0x000003d4   Code   RO         4200    i.llcc68_lora_transmit  driver_llcc68.o
    0x080055d4   0x080055d4   0x000000b4   Code   RO         4203    i.llcc68_reset_stats  driver_llcc68.o
    0x08005688   0x08005688   0x00000098   Code   RO         4204    i.llcc68_set_buffer_base_address  driver_llcc68.o
    0x08005720   0x08005720   0x000000cc   Code   RO         4213    i.llcc68_set_dio_irq_params  driver_llcc68.o
    0x080057ec   0x080057ec   0x00000084   Code   RO         4225    i.llcc68_set_iq_polarity  driver_llcc68.o
    0x08005870   0x08005870   0x000000ac   Code   RO         4226    i.llcc68_set_lora_modulation_params  driver_llcc68.o
    0x0800591c   0x0800591c   0x000000b8   Code   RO         4227    i.llcc68_set_lora_packet_params  driver_llcc68.o
    0x080059d4   0x080059d4   0x00000090   Code   RO         4228    i.llcc68_set_lora_symb_num_timeout  driver_llcc68.o
    0x08005a64   0x08005a64   0x00000090   Code   RO         4229    i.llcc68_set_lora_sync_word  driver_llcc68.o
    0x08005af4   0x08005af4   0x00000084   Code   RO         4230    i.llcc68_set_ocp    driver_llcc68.o
    0x08005b78   0x08005b78   0x00000098   Code   RO         4231    i.llcc68_set_pa_config  driver_llcc68.o
    0x08005c10   0x08005c10   0x00000088   Code   RO         4232    i.llcc68_set_packet_type  driver_llcc68.o
    0x08005c98   0x08005c98   0x00000088   Code   RO         4235    i.llcc68_set_regulator_mode  driver_llcc68.o
    0x08005d20   0x08005d20   0x000000a0   Code   RO         4236    i.llcc68_set_rf_frequency  driver_llcc68.o
    0x08005dc0   0x08005dc0   0x00000084   Code   RO         4240    i.llcc68_set_rx_gain  driver_llcc68.o
    0x08005e44   0x08005e44   0x00000090   Code   RO         4241    i.llcc68_set_rx_tx_fallback_mode  driver_llcc68.o
    0x08005ed4   0x08005ed4   0x00000084   Code   RO         4243    i.llcc68_set_standby  driver_llcc68.o
    0x08005f58   0x08005f58   0x00000090   Code   RO         4244    i.llcc68_set_stop_timer_on_preamble  driver_llcc68.o
    0x08005fe8   0x08005fe8   0x00000084   Code   RO         4246    i.llcc68_set_tx_clamp_config  driver_llcc68.o
    0x0800606c   0x0800606c   0x00000084   Code   RO         4249    i.llcc68_set_tx_modulation  driver_llcc68.o
    0x080060f0   0x080060f0   0x00000090   Code   RO         4250    i.llcc68_set_tx_params  driver_llcc68.o
    0x08006180   0x08006180   0x000000e8   Code   RO           15    i.main              main.o
    0x08006268   0x08006268   0x00000620   Code   RO         4989    i.powf              m_ws.l(powf.o)
    0x08006888   0x08006888   0x00000012   Data   RO         1241    .constdata          stm32f1xx_hal_rcc.o
    0x0800689a   0x0800689a   0x00000018   Data   RO         3741    .constdata          system_stm32f1xx.o
    0x080068b2   0x080068b2   0x00000002   PAD
    0x080068b4   0x080068b4   0x00000140   Data   RO         4990    .constdata          m_ws.l(powf.o)
    0x080069f4   0x080069f4   0x00000020   Data   RO         5440    Region$$Table       anon$$obj.o


    Execution Region RW_IRAM1 (Exec base: 0x20000000, Load base: 0x08006a14, Size: 0x000008a0, Max: 0x00005000, ABSOLUTE)

    Exec Addr    Load Addr    Size         Type   Attr      Idx    E Section Name        Object

    0x20000000   0x08006a14   0x00000009   Data   RW         1077    .data               stm32f1xx_hal.o
    0x20000009   0x08006a1d   0x00000003   PAD
    0x2000000c   0x08006a20   0x00000004   Data   RW         3742    .data               system_stm32f1xx.o
    0x20000010   0x08006a24   0x00000004   Data   RW         5360    .data               mc_w.l(stdout.o)
    0x20000014   0x08006a28   0x00000004   Data   RW         5400    .data               mc_w.l(errno.o)
    0x20000018        -       0x00000054   Zero   RW          245    .bss                i2c.o
    0x2000006c        -       0x00000058   Zero   RW          287    .bss                spi.o
    0x200000c4        -       0x00000048   Zero   RW          330    .bss                tim.o
    0x2000010c        -       0x000000d8   Zero   RW          379    .bss                usart.o
    0x200001e4        -       0x000002b8   Zero   RW         4939    .bss                int_llcc68.o
    0x2000049c   0x08006a2c   0x00000004   PAD
    0x200004a0        -       0x00000400   Zero   RW            1    STACK               startup_stm32f103xb.o


==============================================================================

Image component sizes


      Code (inc. data)   RO Data    RW Data    ZI Data      Debug   Object Name

        28          6          0          0          0        536   com_debug.o
      7736       3024          0          0          0      42572   driver_llcc68.o
       702        322          0          0          0       8699   driver_llcc68_interface.o
       352         22          0          0          0       1099   gpio.o
       176         24          0          0         84       1717   i2c.o
      1924        916          0          0        696       3725   int_llcc68.o
       340         64          0          0          0     444072   main.o
       200         20          0          0         88       1745   spi.o
        36          8        236          0       1024        820   startup_stm32f103xb.o
       192         36          0          9          0       6109   stm32f1xx_hal.o
       304         22          0          0          0      29631   stm32f1xx_hal_cortex.o
       858         38          0          0          0       4623   stm32f1xx_hal_gpio.o
       464         18          0          0          0       2183   stm32f1xx_hal_i2c.o
        84          8          0          0          0        950   stm32f1xx_hal_msp.o
      1748         98         18          0          0       6188   stm32f1xx_hal_rcc.o
      2010          6          0          0          0       7702   stm32f1xx_hal_spi.o
      1360         32          0          0          0      10834   stm32f1xx_hal_tim.o
       132         14          0          0          0       1384   stm32f1xx_hal_tim_ex.o
       808          4          0          0          0       4536   stm32f1xx_hal_uart.o
        58          0          0          0          0       5154   stm32f1xx_it.o
         2          0         24          4          0       1203   system_stm32f1xx.o
       324         32          0          0         72       2504   tim.o
       520         54          0          0        216       3080   usart.o

    ----------------------------------------------------------------------
     20378       4768        312         16       2184     591066   Object Totals
         0          0         32          0          0          0   (incl. Generated)
        20          0          2          3          4          0   (incl. Padding)

    ----------------------------------------------------------------------

      Code (inc. data)   RO Data    RW Data    ZI Data      Debug   Library Member Name

        38          0          0          0          0         68   fpclassifyf.o
        42          0          0          0          0        340   funder.o
      1568         80        320          0          0        224   powf.o
         0          0          0          0          0          0   entry.o
         0          0          0          0          0          0   entry10a.o
         0          0          0          0          0          0   entry11a.o
         4          0          0          0          0          0   entry12b.o
         8          4          0          0          0          0   entry2.o
         4          0          0          0          0          0   entry5.o
         0          0          0          0          0          0   entry7b.o
         0          0          0          0          0          0   entry8b.o
         8          4          0          0          0          0   entry9a.o
        12          6          0          4          0         68   errno.o
        30          0          0          0          0          0   handlers.o
        36          8          0          0          0         68   init.o
         0          0          0          0          0          0   iusefp.o
        30          0          0          0          0         68   llshl.o
        36          0          0          0          0         68   llsshr.o
        32          0          0          0          0         68   llushr.o
        36          0          0          0          0         68   memcpya.o
        36          0          0          0          0        108   memseta.o
      2234         98          0          0          0        532   printfa.o
         0          0          0          4          0          0   stdout.o
        22          0          0          0          0         68   strrchr.o
        44          0          0          0          0         80   uidiv.o
        98          0          0          0          0         92   uldiv.o
        48          0          0          0          0         68   cdrcmple.o
       334          0          0          0          0        148   dadd.o
       222          0          0          0          0        100   ddiv.o
       186          0          0          0          0        176   depilogue.o
        50          0          0          0          0         76   dfixui.o
        48          0          0          0          0         68   dfixul.o
        26          0          0          0          0         76   dfltui.o
       228          0          0          0          0         96   dmul.o
       176          0          0          0          0        140   fadd.o
       124          0          0          0          0         88   fdiv.o
       110          0          0          0          0        168   fepilogue.o
        76          0          0          0          0         76   ffixir.o
        40          0          0          0          0         68   ffixui.o
        18          0          0          0          0         68   fflti.o
        10          0          0          0          0         68   ffltui.o
       100          0          0          0          0         76   fmul.o
         4          0          0          0          0         68   fpstat.o
        24          0          0          0          0         68   fscalb.o

    ----------------------------------------------------------------------
      6146        200        320          8          0       3616   Library Totals
         4          0          0          0          0          0   (incl. Padding)

    ----------------------------------------------------------------------

      Code (inc. data)   RO Data    RW Data    ZI Data      Debug   Library Name

      1648         80        320          0          0        632   m_ws.l
      2670        120          0          8          0       1288   mc_w.l
      1824          0          0          0          0       1696   mf_w.l

    ----------------------------------------------------------------------
      6146        200        320          8          0       3616   Library Totals

    ----------------------------------------------------------------------

==============================================================================


      Code (inc. data)   RO Data    RW Data    ZI Data      Debug   

     26524       4968        632         24       2184     586098   Grand Totals
     26524       4968        632         24       2184     586098   ELF Image Totals
     26524       4968        632         24          0          0   ROM Totals

==============================================================================

    Total RO  Size (Code + RO Data)                27156 (  26.52kB)
    Total RW  Size (RW Data + ZI Data)              2208 (   2.16kB)
    Total ROM Size (Code + RO Data + RW Data)      27180 (  26.54kB)

==============================================================================

